{
  "samples" : [
    [
      "CustomTypeDefinition",
      [
        [
          "area",
          "April"
        ]
      ],
      {
        "access" : "Private",
        "value" : [
          [
            [
              "June",
              "February",
              "state",
              "minute"
            ],
            [
              [
                [
                  "valid",
                  "mu",
                  "work"
                ],
                [
                  "Variable",
                  [
                    "CharLiteral",
                    "s"
                  ],
                  [
                    "government"
                  ]
                ]
              ]
            ]
          ],
          [
            [
              "April"
            ],
            [
              [
                [
                  "fact",
                  "zeta",
                  "eta",
                  "zeta",
                  "September"
                ],
                [
                  "Variable",
                  [
                    "StringLiteral",
                    "September"
                  ],
                  [
                    "alpha",
                    "upsilon",
                    "psi",
                    "June",
                    "company"
                  ]
                ]
              ]
            ]
          ]
        ]
      }
    ],
    [
      "CustomTypeDefinition",
      [
        [
          "nu",
          "omicron",
          "nu"
        ]
      ],
      {
        "access" : "Public",
        "value" : [
          [
            [
              "February",
              "psi"
            ],
            [
              [
                [
                  "world"
                ],
                [
                  "ExtensibleRecord",
                  [
                    "CharLiteral",
                    "F"
                  ],
                  [
                    "work"
                  ],
                  [
                    {
                      "name" : [
                        "beta"
                      ],
                      "tpe" : [
                        "Record",
                        [
                          "DecimalLiteral",
                          "-5156828752399949660"
                        ],
                        [
                          {
                            "name" : [
                              "group",
                              "August",
                              "February"
                            ],
                            "tpe" : [
                              "Variable",
                              [
                                "WholeNumberLiteral",
                                1841225506105057176
                              ],
                              [
                                "June",
                                "left"
                              ]
                            ]
                          }
                        ]
                      ]
                    }
                  ]
                ]
              ],
              [
                [
                  "gamma",
                  "May",
                  "chi",
                  "kappa"
                ],
                [
                  "Variable",
                  [
                    "StringLiteral",
                    "March"
                  ],
                  [
                    "April",
                    "system"
                  ]
                ]
              ]
            ]
          ]
        ]
      }
    ],
    [
      "TypeAliasDefinition",
      [
        [
          "May",
          "lot",
          "rate",
          "August"
        ]
      ],
      [
        "Reference",
        [
          "BoolLiteral",
          true
        ],
        [
          [
            [
              "January",
              "epsilon",
              "left"
            ],
            [
              "company"
            ],
            [
              "theta",
              "home",
              "mu",
              "psi"
            ],
            [
              "day",
              "state",
              "theta"
            ],
            [
              "left",
              "sigma",
              "eta",
              "epsilon",
              "theta"
            ]
          ],
          [
            [
              "November",
              "minute",
              "June"
            ],
            [
              "nu",
              "phi",
              "October",
              "August"
            ],
            [
              "beta"
            ]
          ],
          [
            "March",
            "week",
            "August",
            "March"
          ]
        ],
        [
          [
            "Unit",
            [
              "FloatLiteral",
              0.2786840504015251
            ]
          ]
        ]
      ]
    ],
    [
      "CustomTypeDefinition",
      [
        [
          "part",
          "January",
          "October"
        ]
      ],
      {
        "access" : "Private",
        "value" : []
      }
    ],
    [
      "TypeAliasDefinition",
      [
        [
          "pi",
          "year",
          "government",
          "October"
        ]
      ],
      [
        "Function",
        [
          "DecimalLiteral",
          "-5863733258778367483"
        ],
        [
          "Variable",
          [
            "FloatLiteral",
            0.3666572208874358
          ],
          [
            "eta",
            "psi",
            "August"
          ]
        ],
        [
          "Variable",
          [
            "FloatLiteral",
            0.5478207387294322
          ],
          [
            "delta",
            "chi",
            "May"
          ]
        ]
      ]
    ],
    [
      "CustomTypeDefinition",
      [
        [
          "xi",
          "November",
          "phi",
          "number",
          "October"
        ],
        [
          "June",
          "parent"
        ]
      ],
      {
        "access" : "Private",
        "value" : []
      }
    ],
    [
      "TypeAliasDefinition",
      [
        [
          "November",
          "company",
          "April",
          "July"
        ],
        [
          "June",
          "alpha",
          "benchmark",
          "nu",
          "eta"
        ]
      ],
      [
        "Variable",
        [
          "StringLiteral",
          "country"
        ],
        [
          "lambda",
          "June",
          "April"
        ]
      ]
    ],
    [
      "CustomTypeDefinition",
      [
        [
          "January",
          "rho",
          "family"
        ],
        [
          "June",
          "January"
        ]
      ],
      {
        "access" : "Public",
        "value" : [
          [
            [
              "June",
              "tau",
              "epsilon"
            ],
            [
              [
                [
                  "October",
                  "mu",
                  "March",
                  "epsilon",
                  "August"
                ],
                [
                  "Unit",
                  [
                    "DecimalLiteral",
                    "-3865231638564093365"
                  ]
                ]
              ]
            ]
          ]
        ]
      }
    ],
    [
      "TypeAliasDefinition",
      [
        [
          "alpha"
        ],
        [
          "tau",
          "to",
          "March",
          "group",
          "May"
        ]
      ],
      [
        "Unit",
        [
          "BoolLiteral",
          true
        ]
      ]
    ],
    [
      "CustomTypeDefinition",
      [
        [
          "money",
          "id",
          "August",
          "id",
          "February"
        ]
      ],
      {
        "access" : "Public",
        "value" : [
          [
            [
              "source",
              "beta",
              "iota"
            ],
            [
              [
                [
                  "benchmark",
                  "problem",
                  "beta",
                  "xi",
                  "money"
                ],
                [
                  "Reference",
                  [
                    "StringLiteral",
                    "home"
                  ],
                  [
                    [
                      [
                        "zeta",
                        "phi"
                      ],
                      [
                        "pi",
                        "mu",
                        "April",
                        "tau"
                      ],
                      [
                        "title",
                        "group"
                      ],
                      [
                        "parent"
                      ],
                      [
                        "chi",
                        "epsilon",
                        "February",
                        "October",
                        "May"
                      ]
                    ],
                    [
                      [
                        "right",
                        "work"
                      ],
                      [
                        "lot",
                        "gamma",
                        "xi",
                        "market"
                      ]
                    ],
                    [
                      "November",
                      "February",
                      "October",
                      "zeta",
                      "omega"
                    ]
                  ],
                  [
                    [
                      "Reference",
                      [
                        "DecimalLiteral",
                        "-8739153864626221186"
                      ],
                      [
                        [
                          [
                            "January",
                            "name",
                            "pi"
                          ],
                          [
                            "psi",
                            "lambda",
                            "market"
                          ],
                          [
                            "rho",
                            "part"
                          ],
                          [
                            "week",
                            "October",
                            "June"
                          ],
                          [
                            "valid",
                            "October",
                            "lot",
                            "problem",
                            "system"
                          ]
                        ],
                        [
                          [
                            "chi"
                          ],
                          [
                            "time",
                            "description",
                            "May",
                            "zeta"
                          ]
                        ],
                        [
                          "state",
                          "September",
                          "sigma",
                          "xi"
                        ]
                      ],
                      [
                        [
                          "Unit",
                          [
                            "CharLiteral",
                            "t"
                          ]
                        ]
                      ]
                    ]
                  ]
                ]
              ],
              [
                [
                  "September"
                ],
                [
                  "Unit",
                  [
                    "BoolLiteral",
                    true
                  ]
                ]
              ]
            ]
          ],
          [
            [
              "January",
              "valid",
              "October",
              "book",
              "rho"
            ],
            [
              [
                [
                  "delta",
                  "upsilon",
                  "minute"
                ],
                [
                  "Variable",
                  [
                    "DecimalLiteral",
                    "-5620729296349039233"
                  ],
                  [
                    "March"
                  ]
                ]
              ],
              [
                [
                  "gamma",
                  "government",
                  "sigma"
                ],
                [
                  "Variable",
                  [
                    "FloatLiteral",
                    0.9733957406395015
                  ],
                  [
                    "March",
                    "eta",
                    "February",
                    "lambda",
                    "beta"
                  ]
                ]
              ]
            ]
          ]
        ]
      }
    ],
    [
      "TypeAliasDefinition",
      [
        [
          "November",
          "rate",
          "May"
        ],
        [
          "parent"
        ]
      ],
      [
        "Variable",
        [
          "WholeNumberLiteral",
          8513950413697873251
        ],
        [
          "name",
          "June",
          "zeta",
          "iota"
        ]
      ]
    ],
    [
      "TypeAliasDefinition",
      [
        [
          "xi",
          "July"
        ]
      ],
      [
        "Unit",
        [
          "FloatLiteral",
          0.38845406915640945
        ]
      ]
    ],
    [
      "TypeAliasDefinition",
      [
        [
          "state",
          "zeta"
        ]
      ],
      [
        "Unit",
        [
          "FloatLiteral",
          0.7762345907782233
        ]
      ]
    ],
    [
      "TypeAliasDefinition",
      [
        [
          "to"
        ],
        [
          "June",
          "rho",
          "January"
        ]
      ],
      [
        "Unit",
        [
          "FloatLiteral",
          0.3813046776058502
        ]
      ]
    ],
    [
      "CustomTypeDefinition",
      [
        [
          "phi",
          "delta",
          "market",
          "eta",
          "state"
        ],
        [
          "February",
          "problem"
        ]
      ],
      {
        "access" : "Private",
        "value" : []
      }
    ],
    [
      "TypeAliasDefinition",
      [
        [
          "right",
          "iota"
        ],
        [
          "rate",
          "number",
          "June",
          "May"
        ]
      ],
      [
        "Unit",
        [
          "CharLiteral",
          "?"
        ]
      ]
    ],
    [
      "CustomTypeDefinition",
      [
        [
          "rate",
          "May",
          "July",
          "owner"
        ]
      ],
      {
        "access" : "Private",
        "value" : [
          [
            [
              "September",
              "group"
            ],
            [
              [
                [
                  "book"
                ],
                [
                  "ExtensibleRecord",
                  [
                    "StringLiteral",
                    "minute"
                  ],
                  [
                    "July",
                    "problem",
                    "benchmark",
                    "August"
                  ],
                  [
                    {
                      "name" : [
                        "psi",
                        "left",
                        "psi",
                        "fact",
                        "August"
                      ],
                      "tpe" : [
                        "Variable",
                        [
                          "BoolLiteral",
                          true
                        ],
                        [
                          "September"
                        ]
                      ]
                    }
                  ]
                ]
              ],
              [
                [
                  "January"
                ],
                [
                  "ExtensibleRecord",
                  [
                    "DecimalLiteral",
                    "-2577914857279891042"
                  ],
                  [
                    "theta",
                    "February",
                    "January",
                    "September"
                  ],
                  [
                    {
                      "name" : [
                        "parent",
                        "work",
                        "October",
                        "iota",
                        "rate"
                      ],
                      "tpe" : [
                        "Unit",
                        [
                          "BoolLiteral",
                          true
                        ]
                      ]
                    },
                    {
                      "name" : [
                        "alpha",
                        "right",
                        "system"
                      ],
                      "tpe" : [
                        "Unit",
                        [
                          "FloatLiteral",
                          0.8166997361973658
                        ]
                      ]
                    }
                  ]
                ]
              ]
            ]
          ]
        ]
      }
    ],
    [
      "CustomTypeDefinition",
      [
        [
          "September",
          "September",
          "chi"
        ],
        [
          "alpha",
          "tau",
          "alpha",
          "pi",
          "December"
        ]
      ],
      {
        "access" : "Private",
        "value" : [
          [
            [
              "June",
              "May",
              "July"
            ],
            [
              [
                [
                  "description",
                  "February",
                  "system",
                  "theta",
                  "zeta"
                ],
                [
                  "Variable",
                  [
                    "CharLiteral",
                    "k"
                  ],
                  [
                    "work",
                    "March",
                    "beta",
                    "world",
                    "country"
                  ]
                ]
              ]
            ]
          ],
          [
            [
              "February",
              "psi",
              "area"
            ],
            [
              [
                [
                  "valid"
                ],
                [
                  "Variable",
                  [
                    "DecimalLiteral",
                    "-5399680976479854306"
                  ],
                  [
                    "book",
                    "tau",
                    "chi"
                  ]
                ]
              ],
              [
                [
                  "owner",
                  "gamma",
                  "lot",
                  "id"
                ],
                [
                  "Unit",
                  [
                    "CharLiteral",
                    "R"
                  ]
                ]
              ]
            ]
          ]
        ]
      }
    ],
    [
      "CustomTypeDefinition",
      [
        [
          "April"
        ]
      ],
      {
        "access" : "Public",
        "value" : []
      }
    ],
    [
      "TypeAliasDefinition",
      [
        [
          "April",
          "nu"
        ]
      ],
      [
        "Variable",
        [
          "CharLiteral",
          "i"
        ],
        [
          "name",
          "omega",
          "gamma",
          "November",
          "sigma"
        ]
      ]
    ]
  ]
}