{
  "samples" : [
    [
      "tuple_pattern",
      [
        "CharLiteral",
        "m"
      ],
      [
        [
          "as_pattern",
          [
            "DecimalLiteral",
            "-9017238956316359872"
          ],
          [
            "as_pattern",
            [
              "FloatLiteral",
              0.7998282266818394
            ],
            [
              "as_pattern",
              [
                "DecimalLiteral",
                "-1710145478941878882"
              ],
              [
                "as_pattern",
                [
                  "BoolLiteral",
                  false
                ],
                [
                  "unit_pattern",
                  [
                    "WholeNumberLiteral",
                    8605914234768709017
                  ]
                ],
                [
                  "world",
                  "group",
                  "october",
                  "theta"
                ]
              ],
              [
                "psi",
                "march"
              ]
            ],
            [
              "october",
              "number",
              "pi",
              "lot",
              "omega"
            ]
          ],
          [
            "september",
            "april",
            "june"
          ]
        ]
      ]
    ],
    [
      "unit_pattern",
      [
        "FloatLiteral",
        0.5167307399350253
      ]
    ],
    [
      "unit_pattern",
      [
        "DecimalLiteral",
        "-8771583905340475668"
      ]
    ],
    [
      "as_pattern",
      [
        "WholeNumberLiteral",
        8235736781057890430
      ],
      [
        "head_tail_pattern",
        [
          "CharLiteral",
          "q"
        ],
        [
          "wildcard_pattern",
          [
            "StringLiteral",
            "omega"
          ]
        ],
        [
          "tuple_pattern",
          [
            "FloatLiteral",
            0.6082913791418255
          ],
          [
            [
              "literal_pattern",
              [
                "BoolLiteral",
                true
              ],
              [
                "CharLiteral",
                "w"
              ]
            ],
            [
              "as_pattern",
              [
                "DecimalLiteral",
                "-3075645228655279165"
              ],
              [
                "wildcard_pattern",
                [
                  "CharLiteral",
                  "6"
                ]
              ],
              [
                "rho",
                "gamma",
                "work",
                "phi"
              ]
            ]
          ]
        ]
      ],
      [
        "omicron",
        "november",
        "pi",
        "id"
      ]
    ],
    [
      "head_tail_pattern",
      [
        "WholeNumberLiteral",
        -7376517528920331453
      ],
      [
        "head_tail_pattern",
        [
          "FloatLiteral",
          0.13420847040559947
        ],
        [
          "head_tail_pattern",
          [
            "FloatLiteral",
            0.6983623209858252
          ],
          [
            "unit_pattern",
            [
              "FloatLiteral",
              0.3409924114434335
            ]
          ],
          [
            "head_tail_pattern",
            [
              "CharLiteral",
              "o"
            ],
            [
              "literal_pattern",
              [
                "WholeNumberLiteral",
                2151711211062355416
              ],
              [
                "BoolLiteral",
                false
              ]
            ],
            [
              "wildcard_pattern",
              [
                "BoolLiteral",
                true
              ]
            ]
          ]
        ],
        [
          "constructor_pattern",
          [
            "BoolLiteral",
            true
          ],
          [
            [
              [
                "march",
                "right",
                "from",
                "market",
                "eta"
              ],
              [
                "lot",
                "rate"
              ],
              [
                "xi",
                "market"
              ],
              [
                "left",
                "work",
                "october",
                "august",
                "work"
              ]
            ],
            [
              [
                "april",
                "upsilon",
                "government",
                "december",
                "november"
              ],
              [
                "december",
                "id",
                "october",
                "april",
                "january"
              ],
              [
                "home",
                "xi",
                "november",
                "minute",
                "june"
              ]
            ],
            [
              "nu",
              "phi",
              "october",
              "august"
            ]
          ],
          [
            [
              "head_tail_pattern",
              [
                "CharLiteral",
                "9"
              ],
              [
                "as_pattern",
                [
                  "WholeNumberLiteral",
                  3820377407421829547
                ],
                [
                  "tuple_pattern",
                  [
                    "BoolLiteral",
                    false
                  ],
                  [
                    [
                      "literal_pattern",
                      [
                        "BoolLiteral",
                        false
                      ],
                      [
                        "StringLiteral",
                        "April"
                      ]
                    ]
                  ]
                ],
                [
                  "alpha",
                  "november",
                  "december",
                  "november",
                  "delta"
                ]
              ],
              [
                "head_tail_pattern",
                [
                  "CharLiteral",
                  "6"
                ],
                [
                  "tuple_pattern",
                  [
                    "FloatLiteral",
                    0.6263185598272519
                  ],
                  [
                    [
                      "wildcard_pattern",
                      [
                        "CharLiteral",
                        "?"
                      ]
                    ],
                    [
                      "empty_list_pattern",
                      [
                        "CharLiteral",
                        "z"
                      ]
                    ]
                  ]
                ],
                [
                  "unit_pattern",
                  [
                    "BoolLiteral",
                    false
                  ]
                ]
              ]
            ]
          ]
        ]
      ],
      [
        "as_pattern",
        [
          "DecimalLiteral",
          "-5863733258778367483"
        ],
        [
          "literal_pattern",
          [
            "FloatLiteral",
            0.3666572208874358
          ],
          [
            "WholeNumberLiteral",
            -2366667136672619074
          ]
        ],
        [
          "psi"
        ]
      ]
    ],
    [
      "constructor_pattern",
      [
        "StringLiteral",
        "November"
      ],
      [
        [
          [
            "fact",
            "entity",
            "june",
            "sigma",
            "march"
          ],
          [
            "november",
            "phi",
            "number"
          ],
          [
            "alpha",
            "june",
            "parent"
          ],
          [
            "fact"
          ]
        ],
        [
          [
            "february",
            "beta"
          ],
          [
            "owner"
          ],
          [
            "name"
          ],
          [
            "alpha",
            "benchmark",
            "nu",
            "eta"
          ]
        ],
        [
          "valid"
        ]
      ],
      [
        [
          "unit_pattern",
          [
            "FloatLiteral",
            0.43869715412472543
          ]
        ]
      ]
    ],
    [
      "head_tail_pattern",
      [
        "FloatLiteral",
        0.7570788763587312
      ],
      [
        "empty_list_pattern",
        [
          "BoolLiteral",
          true
        ]
      ],
      [
        "unit_pattern",
        [
          "BoolLiteral",
          false
        ]
      ]
    ],
    [
      "as_pattern",
      [
        "BoolLiteral",
        false
      ],
      [
        "tuple_pattern",
        [
          "BoolLiteral",
          true
        ],
        [
          [
            "unit_pattern",
            [
              "StringLiteral",
              "June"
            ]
          ]
        ]
      ],
      [
        "family",
        "psi"
      ]
    ],
    [
      "head_tail_pattern",
      [
        "FloatLiteral",
        0.46322226168096836
      ],
      [
        "wildcard_pattern",
        [
          "CharLiteral",
          "N"
        ]
      ],
      [
        "empty_list_pattern",
        [
          "CharLiteral",
          "k"
        ]
      ]
    ],
    [
      "tuple_pattern",
      [
        "FloatLiteral",
        0.9457860345344182
      ],
      [
        [
          "as_pattern",
          [
            "WholeNumberLiteral",
            3436225158522558521
          ],
          [
            "constructor_pattern",
            [
              "WholeNumberLiteral",
              1348225059150789233
            ],
            [
              [
                [
                  "gamma",
                  "february"
                ],
                [
                  "alpha"
                ],
                [
                  "tau",
                  "to",
                  "march",
                  "group",
                  "may"
                ],
                [
                  "time",
                  "number",
                  "pi",
                  "september",
                  "june"
                ]
              ],
              [
                [
                  "february",
                  "time",
                  "source"
                ],
                [
                  "december"
                ],
                [
                  "time",
                  "benchmark",
                  "problem",
                  "beta",
                  "xi"
                ]
              ],
              [
                "currency",
                "october",
                "march",
                "february",
                "tau"
              ]
            ],
            [
              [
                "head_tail_pattern",
                [
                  "FloatLiteral",
                  0.6661737141496007
                ],
                [
                  "wildcard_pattern",
                  [
                    "WholeNumberLiteral",
                    -2459593470081638888
                  ]
                ],
                [
                  "empty_list_pattern",
                  [
                    "CharLiteral",
                    "R"
                  ]
                ]
              ]
            ]
          ],
          [
            "epsilon",
            "september",
            "january"
          ]
        ]
      ]
    ],
    [
      "tuple_pattern",
      [
        "CharLiteral",
        "r"
      ],
      [
        [
          "tuple_pattern",
          [
            "WholeNumberLiteral",
            6048888688164717682
          ],
          [
            [
              "empty_list_pattern",
              [
                "WholeNumberLiteral",
                2387880968307273099
              ]
            ]
          ]
        ]
      ]
    ],
    [
      "constructor_pattern",
      [
        "FloatLiteral",
        0.46899064874600316
      ],
      [
        [
          [
            "book",
            "right"
          ]
        ],
        [
          [
            "december",
            "march",
            "minute"
          ]
        ],
        [
          "market",
          "lambda",
          "february",
          "week"
        ]
      ],
      [
        [
          "tuple_pattern",
          [
            "BoolLiteral",
            false
          ],
          [
            [
              "wildcard_pattern",
              [
                "DecimalLiteral",
                "-8287581838019655403"
              ]
            ]
          ]
        ],
        [
          "empty_list_pattern",
          [
            "DecimalLiteral",
            "-8739153864626221186"
          ]
        ]
      ]
    ],
    [
      "empty_list_pattern",
      [
        "BoolLiteral",
        true
      ]
    ],
    [
      "as_pattern",
      [
        "FloatLiteral",
        0.6103509451347525
      ],
      [
        "tuple_pattern",
        [
          "CharLiteral",
          "@"
        ],
        [
          [
            "empty_list_pattern",
            [
              "FloatLiteral",
              0.9399128489649412
            ]
          ]
        ]
      ],
      [
        "company",
        "year",
        "rho",
        "part"
      ]
    ],
    [
      "wildcard_pattern",
      [
        "StringLiteral",
        "May"
      ]
    ],
    [
      "unit_pattern",
      [
        "WholeNumberLiteral",
        -4817324240102912628
      ]
    ],
    [
      "literal_pattern",
      [
        "CharLiteral",
        "9"
      ],
      [
        "CharLiteral",
        "J"
      ]
    ],
    [
      "wildcard_pattern",
      [
        "WholeNumberLiteral",
        6470364540930653790
      ]
    ],
    [
      "head_tail_pattern",
      [
        "StringLiteral",
        "problem"
      ],
      [
        "unit_pattern",
        [
          "DecimalLiteral",
          "-2218019864207257835"
        ]
      ],
      [
        "wildcard_pattern",
        [
          "FloatLiteral",
          0.9056847074705534
        ]
      ]
    ],
    [
      "empty_list_pattern",
      [
        "StringLiteral",
        "tau"
      ]
    ]
  ]
}