{
  "samples" : [
    [
      [
        [
          "beta",
          "December",
          "benchmark"
        ],
        [
          "June",
          "February",
          "state",
          "minute"
        ],
        [
          "time",
          "March",
          "world"
        ],
        [
          "April",
          "April",
          "December",
          "October"
        ]
      ],
      [
        [
          "lambda",
          "August",
          "May"
        ],
        [
          "February",
          "market",
          "September",
          "October"
        ],
        [
          "upsilon",
          "psi",
          "June",
          "company",
          "minute"
        ],
        [
          "rate"
        ],
        [
          "July",
          "source",
          "January",
          "June",
          "week"
        ]
      ]
    ],
    [
      [
        [
          "rho",
          "gamma",
          "work",
          "phi"
        ],
        [
          "omicron",
          "November",
          "pi",
          "id"
        ]
      ],
      [
        [
          "October",
          "delta",
          "February",
          "phi",
          "May"
        ],
        [
          "number",
          "zeta",
          "chi",
          "epsilon"
        ],
        [
          "September"
        ]
      ]
    ],
    [
      [
        [
          "right",
          "from",
          "market"
        ],
        [
          "May",
          "lot",
          "rate",
          "August"
        ],
        [
          "market",
          "iota",
          "delta",
          "March",
          "market"
        ],
        [
          "work",
          "theta"
        ]
      ],
      [
        [
          "upsilon",
          "government"
        ],
        [
          "February",
          "alpha",
          "December"
        ]
      ]
    ],
    [
      [
        [
          "left",
          "sigma",
          "eta",
          "epsilon",
          "theta"
        ],
        [
          "alpha",
          "July",
          "iota"
        ],
        [
          "July",
          "iota",
          "tau"
        ],
        [
          "August",
          "id",
          "company",
          "source"
        ],
        [
          "January",
          "benchmark"
        ]
      ],
      [
        [
          "gamma"
        ],
        [
          "epsilon",
          "part",
          "January",
          "October",
          "June"
        ],
        [
          "July",
          "December"
        ]
      ]
    ],
    [
      [
        [
          "minute"
        ],
        [
          "home",
          "September",
          "April"
        ],
        [
          "November",
          "November",
          "delta",
          "November",
          "lambda"
        ],
        [
          "entity",
          "February",
          "system",
          "title",
          "phi"
        ],
        [
          "country",
          "October",
          "October",
          "January",
          "psi"
        ]
      ],
      [
        [
          "rho",
          "problem",
          "February",
          "beta"
        ],
        [
          "owner"
        ]
      ]
    ],
    [
      [
        [
          "June",
          "alpha",
          "benchmark",
          "nu",
          "eta"
        ]
      ],
      [
        [
          "country",
          "benchmark",
          "June",
          "iota"
        ]
      ]
    ],
    [
      [
        [
          "from",
          "kappa",
          "October",
          "title"
        ],
        [
          "October",
          "family",
          "psi",
          "part"
        ],
        [
          "May",
          "delta",
          "October",
          "mu"
        ],
        [
          "May",
          "January",
          "work"
        ],
        [
          "theta",
          "March",
          "fact",
          "tau"
        ]
      ],
      [
        [
          "money",
          "August",
          "home"
        ],
        [
          "kappa",
          "June",
          "money"
        ],
        [
          "September",
          "June"
        ],
        [
          "gamma",
          "September",
          "August"
        ],
        [
          "beta"
        ]
      ]
    ],
    [
      [
        [
          "time",
          "benchmark",
          "problem",
          "beta",
          "xi"
        ],
        [
          "currency",
          "October",
          "March",
          "February",
          "tau"
        ],
        [
          "zeta"
        ],
        [
          "mu",
          "April",
          "tau",
          "eta"
        ],
        [
          "group",
          "sigma"
        ]
      ],
      [
        [
          "chi",
          "epsilon",
          "February",
          "October",
          "May"
        ],
        [
          "zeta",
          "minute"
        ]
      ]
    ],
    [
      [
        [
          "lot",
          "gamma",
          "xi",
          "market"
        ],
        [
          "November",
          "February",
          "October",
          "zeta",
          "omega"
        ],
        [
          "home",
          "work",
          "phi"
        ]
      ],
      [
        [
          "January",
          "name",
          "pi"
        ],
        [
          "psi",
          "lambda",
          "market"
        ],
        [
          "rho",
          "part"
        ],
        [
          "week",
          "October",
          "June"
        ],
        [
          "valid",
          "October",
          "lot",
          "problem",
          "system"
        ]
      ]
    ],
    [
      [
        [
          "chi"
        ],
        [
          "time",
          "description",
          "May",
          "zeta"
        ]
      ],
      [
        [
          "valid",
          "kappa",
          "world",
          "book",
          "lambda"
        ],
        [
          "September"
        ],
        [
          "work"
        ],
        [
          "May",
          "lambda"
        ]
      ]
    ],
    [
      [
        [
          "book"
        ],
        [
          "theta"
        ],
        [
          "delta",
          "upsilon",
          "minute"
        ]
      ],
      [
        [
          "eta"
        ]
      ]
    ],
    [
      [
        [
          "March"
        ],
        [
          "gamma",
          "government",
          "sigma"
        ]
      ],
      [
        [
          "May"
        ],
        [
          "October",
          "job",
          "kappa"
        ],
        [
          "description",
          "business"
        ],
        [
          "November",
          "rate",
          "May"
        ]
      ]
    ],
    [
      [
        [
          "March",
          "June",
          "November",
          "valid"
        ]
      ],
      [
        [
          "omicron",
          "time",
          "epsilon"
        ],
        [
          "country"
        ],
        [
          "chi"
        ],
        [
          "zeta",
          "state",
          "zeta",
          "nu",
          "June"
        ],
        [
          "to"
        ]
      ]
    ],
    [
      [
        [
          "gamma",
          "September",
          "name",
          "kappa"
        ],
        [
          "owner",
          "zeta",
          "June",
          "February"
        ],
        [
          "August",
          "theta",
          "fact"
        ]
      ],
      [
        [
          "upsilon",
          "August",
          "left"
        ],
        [
          "minute",
          "number",
          "October",
          "id",
          "August"
        ],
        [
          "parent",
          "February"
        ],
        [
          "May",
          "July",
          "owner",
          "phi"
        ]
      ]
    ],
    [
      [
        [
          "October"
        ],
        [
          "left",
          "time"
        ],
        [
          "money"
        ],
        [
          "mu"
        ],
        [
          "problem",
          "benchmark",
          "August",
          "home",
          "tau"
        ]
      ],
      [
        [
          "psi"
        ],
        [
          "money"
        ],
        [
          "money",
          "epsilon",
          "mu",
          "January"
        ],
        [
          "May",
          "work",
          "number"
        ],
        [
          "kappa"
        ]
      ]
    ],
    [
      [
        [
          "group",
          "theta",
          "job",
          "August"
        ]
      ],
      [
        [
          "December",
          "April"
        ],
        [
          "iota"
        ]
      ]
    ],
    [
      [
        [
          "right",
          "system",
          "lambda",
          "parent"
        ],
        [
          "September",
          "September",
          "chi"
        ],
        [
          "alpha",
          "tau",
          "alpha",
          "pi",
          "December"
        ],
        [
          "November",
          "eta"
        ],
        [
          "description"
        ]
      ],
      [
        [
          "eta",
          "December",
          "beta",
          "psi"
        ],
        [
          "zeta"
        ],
        [
          "psi",
          "work",
          "March"
        ],
        [
          "name"
        ],
        [
          "psi",
          "August",
          "January",
          "April",
          "omicron"
        ]
      ]
    ],
    [
      [
        [
          "money",
          "October",
          "left",
          "April"
        ]
      ],
      [
        [
          "kappa",
          "owner"
        ]
      ]
    ],
    [
      [
        [
          "lambda",
          "family",
          "December"
        ],
        [
          "February",
          "April",
          "June",
          "description",
          "November"
        ]
      ],
      [
        [
          "February",
          "alpha",
          "eta"
        ],
        [
          "gamma",
          "November",
          "sigma"
        ],
        [
          "lambda",
          "book",
          "November",
          "March"
        ],
        [
          "January",
          "December"
        ]
      ]
    ],
    [
      [
        [
          "left",
          "December"
        ]
      ],
      [
        [
          "number",
          "July",
          "December"
        ],
        [
          "October"
        ],
        [
          "October",
          "state"
        ],
        [
          "omega"
        ],
        [
          "omega",
          "August",
          "September",
          "id",
          "title"
        ]
      ]
    ]
  ]
}