{
  "samples" : [
    [
      [
        "beta",
        "December",
        "benchmark"
      ],
      [
        "June",
        "February",
        "state",
        "minute"
      ],
      [
        "time",
        "March",
        "world"
      ],
      [
        "April",
        "April",
        "December",
        "October"
      ]
    ],
    [
      [
        "lambda",
        "August",
        "May"
      ],
      [
        "February",
        "market",
        "September",
        "October"
      ],
      [
        "upsilon",
        "psi",
        "June",
        "company",
        "minute"
      ],
      [
        "rate"
      ],
      [
        "July",
        "source",
        "January",
        "June",
        "week"
      ]
    ],
    [
      [
        "rho",
        "gamma",
        "work",
        "phi"
      ],
      [
        "omicron",
        "November",
        "pi",
        "id"
      ]
    ],
    [
      [
        "October",
        "delta",
        "February",
        "phi",
        "May"
      ],
      [
        "number",
        "zeta",
        "chi",
        "epsilon"
      ],
      [
        "September"
      ]
    ],
    [
      [
        "right",
        "from",
        "market"
      ],
      [
        "May",
        "lot",
        "rate",
        "August"
      ],
      [
        "market",
        "iota",
        "delta",
        "March",
        "market"
      ],
      [
        "work",
        "theta"
      ]
    ],
    [
      [
        "upsilon",
        "government"
      ],
      [
        "February",
        "alpha",
        "December"
      ]
    ],
    [
      [
        "left",
        "sigma",
        "eta",
        "epsilon",
        "theta"
      ],
      [
        "alpha",
        "July",
        "iota"
      ],
      [
        "July",
        "iota",
        "tau"
      ],
      [
        "August",
        "id",
        "company",
        "source"
      ],
      [
        "January",
        "benchmark"
      ]
    ],
    [
      [
        "gamma"
      ],
      [
        "epsilon",
        "part",
        "January",
        "October",
        "June"
      ],
      [
        "July",
        "December"
      ]
    ],
    [
      [
        "minute"
      ],
      [
        "home",
        "September",
        "April"
      ],
      [
        "November",
        "November",
        "delta",
        "November",
        "lambda"
      ],
      [
        "entity",
        "February",
        "system",
        "title",
        "phi"
      ],
      [
        "country",
        "October",
        "October",
        "January",
        "psi"
      ]
    ],
    [
      [
        "rho",
        "problem",
        "February",
        "beta"
      ],
      [
        "owner"
      ]
    ],
    [
      [
        "June",
        "alpha",
        "benchmark",
        "nu",
        "eta"
      ]
    ],
    [
      [
        "country",
        "benchmark",
        "June",
        "iota"
      ]
    ],
    [
      [
        "from",
        "kappa",
        "October",
        "title"
      ],
      [
        "October",
        "family",
        "psi",
        "part"
      ],
      [
        "May",
        "delta",
        "October",
        "mu"
      ],
      [
        "May",
        "January",
        "work"
      ],
      [
        "theta",
        "March",
        "fact",
        "tau"
      ]
    ],
    [
      [
        "money",
        "August",
        "home"
      ],
      [
        "kappa",
        "June",
        "money"
      ],
      [
        "September",
        "June"
      ],
      [
        "gamma",
        "September",
        "August"
      ],
      [
        "beta"
      ]
    ],
    [
      [
        "time",
        "benchmark",
        "problem",
        "beta",
        "xi"
      ],
      [
        "currency",
        "October",
        "March",
        "February",
        "tau"
      ],
      [
        "zeta"
      ],
      [
        "mu",
        "April",
        "tau",
        "eta"
      ],
      [
        "group",
        "sigma"
      ]
    ],
    [
      [
        "chi",
        "epsilon",
        "February",
        "October",
        "May"
      ],
      [
        "zeta",
        "minute"
      ]
    ],
    [
      [
        "lot",
        "gamma",
        "xi",
        "market"
      ],
      [
        "November",
        "February",
        "October",
        "zeta",
        "omega"
      ],
      [
        "home",
        "work",
        "phi"
      ]
    ],
    [
      [
        "January",
        "name",
        "pi"
      ],
      [
        "psi",
        "lambda",
        "market"
      ],
      [
        "rho",
        "part"
      ],
      [
        "week",
        "October",
        "June"
      ],
      [
        "valid",
        "October",
        "lot",
        "problem",
        "system"
      ]
    ],
    [
      [
        "chi"
      ],
      [
        "time",
        "description",
        "May",
        "zeta"
      ]
    ],
    [
      [
        "valid",
        "kappa",
        "world",
        "book",
        "lambda"
      ],
      [
        "September"
      ],
      [
        "work"
      ],
      [
        "May",
        "lambda"
      ]
    ]
  ]
}