{
  "samples" : [
    [
      "omicron",
      "mu",
      "alpha",
      "September"
    ],
    [
      "owner",
      "benchmark",
      "June",
      "day"
    ],
    [
      "group"
    ],
    [
      "world",
      "mu",
      "psi",
      "March",
      "April"
    ],
    [
      "number"
    ],
    [
      "zeta"
    ],
    [
      "May",
      "day",
      "money",
      "week",
      "November"
    ],
    [
      "psi",
      "November",
      "July",
      "June"
    ],
    [
      "minute"
    ],
    [
      "rate"
    ],
    [
      "July",
      "source",
      "January",
      "June",
      "week"
    ],
    [
      "January",
      "October"
    ],
    [
      "work"
    ],
    [
      "psi",
      "omicron",
      "November"
    ],
    [
      "market"
    ],
    [
      "mu",
      "October",
      "delta",
      "February",
      "phi"
    ],
    [
      "left",
      "number"
    ],
    [
      "May",
      "chi",
      "kappa",
      "September"
    ],
    [
      "phi",
      "group",
      "minute",
      "February"
    ],
    [
      "February",
      "month",
      "omega",
      "right"
    ]
  ]
}