{
  "samples" : [
    [
      "OpaqueTypeSpecification",
      [
        [
          "area",
          "April"
        ],
        [
          "September"
        ]
      ]
    ],
    [
      "OpaqueTypeSpecification",
      [
        [
          "fact"
        ]
      ]
    ],
    [
      "CustomTypeSpecification",
      [
        [
          "kappa"
        ],
        [
          "valid",
          "mu",
          "work"
        ],
        [
          "theta",
          "government"
        ]
      ],
      [
        [
          [
            "October",
            "number",
            "pi",
            "lot",
            "omega"
          ],
          [
            [
              [
                "money",
                "week",
                "November"
              ],
              [
                "Unit",
                [
                  "FloatLiteral",
                  0.9509189843135866
                ]
              ]
            ]
          ]
        ]
      ]
    ],
    [
      "OpaqueTypeSpecification",
      [
        [
          "July",
          "June",
          "December"
        ],
        [
          "nu",
          "omicron",
          "nu"
        ]
      ]
    ],
    [
      "CustomTypeSpecification",
      [
        [
          "February",
          "psi"
        ],
        [
          "nu",
          "rho",
          "gamma",
          "work",
          "phi"
        ]
      ],
      [
        [
          [
            "lot",
            "benchmark",
            "market"
          ],
          [
            [
              [
                "area",
                "left",
                "year",
                "rho",
                "June"
              ],
              [
                "Record",
                [
                  "CharLiteral",
                  "o"
                ],
                [
                  {
                    "name" : [
                      "zeta",
                      "chi",
                      "epsilon"
                    ],
                    "tpe" : [
                      "Unit",
                      [
                        "DecimalLiteral",
                        "-8008742317161355435"
                      ]
                    ]
                  },
                  {
                    "name" : [
                      "minute"
                    ],
                    "tpe" : [
                      "Variable",
                      [
                        "CharLiteral",
                        "k"
                      ],
                      [
                        "February",
                        "month",
                        "omega",
                        "right"
                      ]
                    ]
                  }
                ]
              ]
            ]
          ]
        ],
        [
          [
            "omicron",
            "January",
            "epsilon",
            "left",
            "iota"
          ],
          [
            [
              [
                "theta",
                "home",
                "mu",
                "psi"
              ],
              [
                "Variable",
                [
                  "StringLiteral",
                  "November"
                ],
                [
                  "December",
                  "id",
                  "October",
                  "April",
                  "January"
                ]
              ]
            ],
            [
              [
                "home",
                "xi",
                "November",
                "minute",
                "June"
              ],
              [
                "Variable",
                [
                  "CharLiteral",
                  "I"
                ],
                [
                  "phi",
                  "October",
                  "August"
                ]
              ]
            ]
          ]
        ]
      ]
    ],
    [
      "CustomTypeSpecification",
      [
        [
          "company",
          "source",
          "lot"
        ],
        [
          "benchmark",
          "April",
          "eta",
          "epsilon"
        ]
      ],
      []
    ],
    [
      "OpaqueTypeSpecification",
      [
        [
          "November",
          "delta",
          "left",
          "July"
        ]
      ]
    ],
    [
      "OpaqueTypeSpecification",
      [
        [
          "pi"
        ]
      ]
    ],
    [
      "TypeAliasSpecification",
      [
        [
          "home",
          "September",
          "April"
        ],
        [
          "November",
          "November",
          "delta",
          "November",
          "lambda"
        ],
        [
          "entity",
          "February",
          "system",
          "title",
          "phi"
        ]
      ],
      [
        "Unit",
        [
          "StringLiteral",
          "phi"
        ]
      ]
    ],
    [
      "CustomTypeSpecification",
      [
        [
          "October",
          "July",
          "mu",
          "government"
        ],
        [
          "problem",
          "February"
        ]
      ],
      [
        [
          [
            "April",
            "July"
          ],
          [
            [
              [
                "November",
                "rho",
                "April",
                "March",
                "November"
              ],
              [
                "ExtensibleRecord",
                [
                  "StringLiteral",
                  "upsilon"
                ],
                [
                  "June",
                  "iota",
                  "valid",
                  "fact",
                  "area"
                ],
                [
                  {
                    "name" : [
                      "title"
                    ],
                    "tpe" : [
                      "Variable",
                      [
                        "WholeNumberLiteral",
                        -4601575520070797973
                      ],
                      [
                        "September"
                      ]
                    ]
                  },
                  {
                    "name" : [
                      "June",
                      "tau",
                      "epsilon"
                    ],
                    "tpe" : [
                      "Unit",
                      [
                        "WholeNumberLiteral",
                        -6073056033506552523
                      ]
                    ]
                  }
                ]
              ]
            ]
          ]
        ]
      ]
    ],
    [
      "TypeAliasSpecification",
      [
        [
          "July",
          "epsilon",
          "government"
        ],
        [
          "gamma",
          "February"
        ]
      ],
      [
        "Variable",
        [
          "CharLiteral",
          "W"
        ],
        [
          "left"
        ]
      ]
    ],
    [
      "CustomTypeSpecification",
      [
        [
          "money",
          "August",
          "home"
        ]
      ],
      []
    ],
    [
      "TypeAliasSpecification",
      [
        [
          "June",
          "money",
          "id",
          "August",
          "id"
        ]
      ],
      [
        "Variable",
        [
          "WholeNumberLiteral",
          7771438292203005204
        ],
        [
          "August",
          "job"
        ]
      ]
    ],
    [
      "CustomTypeSpecification",
      [
        [
          "time",
          "benchmark",
          "problem",
          "beta",
          "xi"
        ],
        [
          "currency",
          "October",
          "March",
          "February",
          "tau"
        ]
      ],
      [
        [
          [
            "pi",
            "mu",
            "April",
            "tau"
          ],
          [
            [
              [
                "September",
                "January"
              ],
              [
                "Tuple",
                [
                  "BoolLiteral",
                  false
                ],
                [
                  [
                    "Variable",
                    [
                      "CharLiteral",
                      "j"
                    ],
                    [
                      "market",
                      "epsilon",
                      "August"
                    ]
                  ],
                  [
                    "Function",
                    [
                      "FloatLiteral",
                      0.23260017837141966
                    ],
                    [
                      "ExtensibleRecord",
                      [
                        "CharLiteral",
                        "d"
                      ],
                      [
                        "lot",
                        "gamma",
                        "xi",
                        "market"
                      ],
                      [
                        {
                          "name" : [
                            "December",
                            "xi",
                            "chi"
                          ],
                          "tpe" : [
                            "Function",
                            [
                              "FloatLiteral",
                              0.982651024730757
                            ],
                            [
                              "ExtensibleRecord",
                              [
                                "BoolLiteral",
                                false
                              ],
                              [
                                "kappa",
                                "minute",
                                "system"
                              ],
                              [
                                {
                                  "name" : [
                                    "September",
                                    "delta",
                                    "psi",
                                    "lambda"
                                  ],
                                  "tpe" : [
                                    "ExtensibleRecord",
                                    [
                                      "DecimalLiteral",
                                      "-7584927473002833783"
                                    ],
                                    [
                                      "December",
                                      "psi",
                                      "May",
                                      "July",
                                      "name"
                                    ],
                                    [
                                      {
                                        "name" : [
                                          "November",
                                          "right",
                                          "rate",
                                          "upsilon"
                                        ],
                                        "tpe" : [
                                          "Unit",
                                          [
                                            "FloatLiteral",
                                            0.9372729652824233
                                          ]
                                        ]
                                      }
                                    ]
                                  ]
                                }
                              ]
                            ],
                            [
                              "Unit",
                              [
                                "CharLiteral",
                                "8"
                              ]
                            ]
                          ]
                        },
                        {
                          "name" : [
                            "tau",
                            "number",
                            "November"
                          ],
                          "tpe" : [
                            "Unit",
                            [
                              "DecimalLiteral",
                              "-1514395750594986827"
                            ]
                          ]
                        }
                      ]
                    ],
                    [
                      "Tuple",
                      [
                        "BoolLiteral",
                        true
                      ],
                      [
                        [
                          "Record",
                          [
                            "DecimalLiteral",
                            "-8540795711003144823"
                          ],
                          [
                            {
                              "name" : [
                                "source",
                                "xi",
                                "right"
                              ],
                              "tpe" : [
                                "Unit",
                                [
                                  "BoolLiteral",
                                  false
                                ]
                              ]
                            }
                          ]
                        ],
                        [
                          "ExtensibleRecord",
                          [
                            "FloatLiteral",
                            0.31431875931702213
                          ],
                          [
                            "delta",
                            "upsilon",
                            "minute"
                          ],
                          [
                            {
                              "name" : [
                                "eta"
                              ],
                              "tpe" : [
                                "Unit",
                                [
                                  "WholeNumberLiteral",
                                  7902956137243537989
                                ]
                              ]
                            }
                          ]
                        ]
                      ]
                    ]
                  ]
                ]
              ]
            ]
          ]
        ]
      ]
    ],
    [
      "CustomTypeSpecification",
      [
        [
          "psi",
          "source",
          "gamma",
          "omega",
          "November"
        ]
      ],
      [
        [
          [
            "job",
            "kappa",
            "theta",
            "sigma"
          ],
          [
            [
              [
                "November",
                "rate",
                "May"
              ],
              [
                "Variable",
                [
                  "BoolLiteral",
                  true
                ],
                [
                  "August",
                  "epsilon"
                ]
              ]
            ],
            [
              [
                "valid",
                "system",
                "title",
                "April",
                "country"
              ],
              [
                "Function",
                [
                  "StringLiteral",
                  "iota"
                ],
                [
                  "Variable",
                  [
                    "BoolLiteral",
                    false
                  ],
                  [
                    "upsilon"
                  ]
                ],
                [
                  "Variable",
                  [
                    "FloatLiteral",
                    0.21368534215991486
                  ],
                  [
                    "tau",
                    "xi",
                    "to"
                  ]
                ]
              ]
            ]
          ]
        ],
        [
          [
            "June",
            "rho",
            "January"
          ],
          [
            [
              [
                "tau",
                "owner",
                "zeta",
                "June",
                "February"
              ],
              [
                "Variable",
                [
                  "DecimalLiteral",
                  "-1595841828064050485"
                ],
                [
                  "August",
                  "left",
                  "February",
                  "rate"
                ]
              ]
            ],
            [
              [
                "October",
                "id",
                "August",
                "zeta"
              ],
              [
                "Variable",
                [
                  "DecimalLiteral",
                  "-6793630184204457593"
                ],
                [
                  "fact"
                ]
              ]
            ]
          ]
        ]
      ]
    ],
    [
      "OpaqueTypeSpecification",
      [
        [
          "tau",
          "benchmark",
          "September"
        ]
      ]
    ],
    [
      "OpaqueTypeSpecification",
      [
        [
          "description",
          "money",
          "time",
          "February",
          "psi"
        ]
      ]
    ],
    [
      "CustomTypeSpecification",
      [
        [
          "group",
          "company",
          "February"
        ]
      ],
      []
    ],
    [
      "TypeAliasSpecification",
      [
        [
          "fact",
          "August",
          "May"
        ]
      ],
      [
        "Unit",
        [
          "DecimalLiteral",
          "-361141546639470211"
        ]
      ]
    ],
    [
      "TypeAliasSpecification",
      [
        [
          "August",
          "February",
          "xi",
          "delta"
        ],
        [
          "January"
        ],
        [
          "group",
          "theta",
          "job",
          "August"
        ]
      ],
      [
        "Function",
        [
          "WholeNumberLiteral",
          -1447276067121226113
        ],
        [
          "Variable",
          [
            "WholeNumberLiteral",
            -8988565058673523043
          ],
          [
            "September",
            "government",
            "delta",
            "June"
          ]
        ],
        [
          "Variable",
          [
            "BoolLiteral",
            true
          ],
          [
            "November"
          ]
        ]
      ]
    ]
  ]
}