{
  "samples" : [
    {
      "name" : [
        "omicron",
        "mu",
        "alpha",
        "September"
      ],
      "tpe" : [
        "DecimalLiteral",
        "-1710145478941878882"
      ]
    },
    {
      "name" : [
        "benchmark",
        "June"
      ],
      "tpe" : [
        "BoolLiteral",
        false
      ]
    },
    {
      "name" : [
        "valid",
        "mu",
        "work"
      ],
      "tpe" : [
        "WholeNumberLiteral",
        4873802281714851347
      ]
    },
    {
      "name" : [
        "government"
      ],
      "tpe" : [
        "FloatLiteral",
        0.18461099656619107
      ]
    },
    {
      "name" : [
        "December",
        "lambda",
        "August"
      ],
      "tpe" : [
        "DecimalLiteral",
        "-2580764320601275524"
      ]
    },
    {
      "name" : [
        "September",
        "October",
        "psi"
      ],
      "tpe" : [
        "DecimalLiteral",
        "-8771583905340475668"
      ]
    },
    {
      "name" : [
        "June",
        "company",
        "minute"
      ],
      "tpe" : [
        "CharLiteral",
        "f"
      ]
    },
    {
      "name" : [
        "omicron",
        "nu"
      ],
      "tpe" : [
        "BoolLiteral",
        false
      ]
    },
    {
      "name" : [
        "February",
        "psi"
      ],
      "tpe" : [
        "WholeNumberLiteral",
        26712164866275572
      ]
    },
    {
      "name" : [
        "rho",
        "gamma",
        "work",
        "phi"
      ],
      "tpe" : [
        "WholeNumberLiteral",
        -3958404602379645853
      ]
    },
    {
      "name" : [
        "November",
        "pi",
        "id"
      ],
      "tpe" : [
        "StringLiteral",
        "August"
      ]
    },
    {
      "name" : [
        "delta"
      ],
      "tpe" : [
        "WholeNumberLiteral",
        1841225506105057176
      ]
    },
    {
      "name" : [
        "June",
        "left"
      ],
      "tpe" : [
        "BoolLiteral",
        true
      ]
    },
    {
      "name" : [
        "zeta",
        "chi",
        "epsilon"
      ],
      "tpe" : [
        "FloatLiteral",
        0.7129428643529099
      ]
    },
    {
      "name" : [
        "state",
        "April",
        "system",
        "May",
        "May"
      ],
      "tpe" : [
        "BoolLiteral",
        false
      ]
    },
    {
      "name" : [
        "rate"
      ],
      "tpe" : [
        "WholeNumberLiteral",
        -6653635909546093417
      ]
    },
    {
      "name" : [
        "market",
        "iota",
        "delta",
        "March",
        "market"
      ],
      "tpe" : [
        "BoolLiteral",
        false
      ]
    },
    {
      "name" : [
        "market",
        "April",
        "upsilon"
      ],
      "tpe" : [
        "BoolLiteral",
        false
      ]
    },
    {
      "name" : [
        "December"
      ],
      "tpe" : [
        "DecimalLiteral",
        "-1710024392037156854"
      ]
    },
    {
      "name" : [
        "December",
        "id",
        "October",
        "April",
        "January"
      ],
      "tpe" : [
        "BoolLiteral",
        false
      ]
    }
  ]
}