{
  "samples" : [
    [
      [
        [
          "beta",
          "december",
          "benchmark"
        ],
        [
          "june",
          "february",
          "state",
          "minute"
        ],
        [
          "time",
          "march",
          "world"
        ],
        [
          "april",
          "april",
          "december",
          "october"
        ]
      ],
      [
        "fact",
        "zeta",
        "eta",
        "zeta",
        "september"
      ]
    ],
    [
      [
        [
          "september",
          "october",
          "psi"
        ],
        [
          "psi",
          "june",
          "company",
          "minute",
          "nu"
        ],
        [
          "left",
          "november"
        ],
        [
          "january"
        ],
        [
          "psi",
          "january"
        ]
      ],
      [
        "rho",
        "gamma",
        "work",
        "phi"
      ]
    ],
    [
      [
        [
          "lot",
          "benchmark",
          "market"
        ],
        [
          "mu",
          "october",
          "delta",
          "february",
          "phi"
        ],
        [
          "left",
          "number"
        ],
        [
          "may",
          "chi",
          "kappa",
          "september"
        ]
      ],
      [
        "phi",
        "group",
        "minute",
        "february"
      ]
    ],
    [
      [
        [
          "lot",
          "rate"
        ],
        [
          "xi",
          "market"
        ],
        [
          "left",
          "work",
          "october",
          "august",
          "work"
        ],
        [
          "home",
          "january",
          "xi"
        ]
      ],
      [
        "december"
      ]
    ],
    [
      [
        [
          "state",
          "theta",
          "job",
          "pi",
          "mu"
        ],
        [
          "epsilon"
        ],
        [
          "july"
        ],
        [
          "november",
          "minute",
          "june"
        ],
        [
          "nu",
          "phi",
          "october",
          "august"
        ]
      ],
      [
        "beta"
      ]
    ],
    [
      [
        [
          "source"
        ],
        [
          "january",
          "benchmark"
        ],
        [
          "day",
          "alpha",
          "november"
        ],
        [
          "time",
          "october",
          "beta",
          "zeta",
          "pi"
        ]
      ],
      [
        "october",
        "minute",
        "beta",
        "country",
        "minute"
      ]
    ],
    [
      [
        [
          "november",
          "november",
          "delta",
          "november",
          "lambda"
        ],
        [
          "entity",
          "february",
          "system",
          "title",
          "phi"
        ],
        [
          "country",
          "october",
          "october",
          "january",
          "psi"
        ],
        [
          "government",
          "xi"
        ],
        [
          "february",
          "beta"
        ]
      ],
      [
        "owner"
      ]
    ],
    [
      [
        [
          "june",
          "alpha",
          "benchmark",
          "nu",
          "eta"
        ]
      ],
      [
        "valid"
      ]
    ],
    [
      [
        [
          "lambda",
          "june",
          "april"
        ],
        [
          "from",
          "kappa",
          "october",
          "title"
        ],
        [
          "october",
          "family",
          "psi",
          "part"
        ],
        [
          "may",
          "delta",
          "october",
          "mu"
        ],
        [
          "may",
          "january",
          "work"
        ]
      ],
      [
        "theta",
        "march",
        "fact",
        "tau"
      ]
    ],
    [
      [
        [
          "money",
          "august",
          "home"
        ],
        [
          "kappa",
          "june",
          "money"
        ],
        [
          "september",
          "june"
        ],
        [
          "gamma",
          "september",
          "august"
        ],
        [
          "beta"
        ]
      ],
      [
        "march",
        "delta",
        "october",
        "time",
        "group"
      ]
    ],
    [
      [
        [
          "currency",
          "october",
          "march",
          "february",
          "tau"
        ],
        [
          "zeta"
        ],
        [
          "mu",
          "april",
          "tau",
          "eta"
        ],
        [
          "group",
          "sigma"
        ]
      ],
      [
        "september",
        "pi"
      ]
    ],
    [
      [
        [
          "time",
          "mu",
          "mu"
        ],
        [
          "right",
          "work"
        ]
      ],
      [
        "lot",
        "gamma",
        "xi",
        "market"
      ]
    ],
    [
      [
        [
          "december",
          "xi",
          "chi"
        ],
        [
          "day",
          "march"
        ],
        [
          "october",
          "march",
          "home",
          "january"
        ],
        [
          "september",
          "delta",
          "psi",
          "lambda"
        ],
        [
          "year"
        ]
      ],
      [
        "lambda",
        "minute",
        "week",
        "october",
        "june"
      ]
    ],
    [
      [
        [
          "gamma",
          "may",
          "right",
          "november",
          "september"
        ],
        [
          "chi"
        ],
        [
          "time",
          "description",
          "may",
          "zeta"
        ],
        [
          "state",
          "september",
          "sigma",
          "xi"
        ],
        [
          "lambda",
          "february"
        ]
      ],
      [
        "theta",
        "source",
        "xi"
      ]
    ],
    [
      [
        [
          "month"
        ],
        [
          "rate",
          "phi",
          "delta",
          "upsilon"
        ]
      ],
      [
        "beta",
        "june"
      ]
    ],
    [
      [
        [
          "june",
          "country"
        ],
        [
          "lot",
          "valid",
          "sigma",
          "may"
        ]
      ],
      [
        "october",
        "job",
        "kappa"
      ]
    ],
    [
      [
        [
          "beta",
          "september",
          "november",
          "rate",
          "may"
        ],
        [
          "parent"
        ]
      ],
      [
        "june",
        "november",
        "valid",
        "system",
        "title"
      ]
    ],
    [
      [
        [
          "epsilon",
          "kappa",
          "year",
          "kappa"
        ],
        [
          "name",
          "may",
          "xi",
          "tau",
          "xi"
        ],
        [
          "epsilon",
          "june"
        ]
      ],
      [
        "september",
        "name",
        "kappa",
        "parent"
      ]
    ],
    [
      [
        [
          "alpha",
          "market"
        ],
        [
          "eta",
          "state",
          "omicron",
          "gamma"
        ],
        [
          "upsilon",
          "august",
          "left"
        ],
        [
          "minute",
          "number",
          "october",
          "id",
          "august"
        ]
      ],
      [
        "parent",
        "february"
      ]
    ],
    [
      [
        [
          "money",
          "fact"
        ],
        [
          "minute",
          "january",
          "october"
        ],
        [
          "left",
          "time"
        ],
        [
          "money"
        ]
      ],
      [
        "mu"
      ]
    ]
  ]
}