{
  "samples" : [
    [
      "TuplePattern",
      [
        "CharLiteral",
        "m"
      ],
      [
        [
          "AsPattern",
          [
            "DecimalLiteral",
            "-9017238956316359872"
          ],
          [
            "AsPattern",
            [
              "FloatLiteral",
              0.7998282266818394
            ],
            [
              "AsPattern",
              [
                "DecimalLiteral",
                "-1710145478941878882"
              ],
              [
                "AsPattern",
                [
                  "BoolLiteral",
                  false
                ],
                [
                  "UnitPattern",
                  [
                    "WholeNumberLiteral",
                    8605914234768709017
                  ]
                ],
                [
                  "world",
                  "group",
                  "October",
                  "theta"
                ]
              ],
              [
                "psi",
                "March"
              ]
            ],
            [
              "October",
              "number",
              "pi",
              "lot",
              "omega"
            ]
          ],
          [
            "September",
            "April",
            "June"
          ]
        ]
      ]
    ],
    [
      "UnitPattern",
      [
        "FloatLiteral",
        0.5167307399350253
      ]
    ],
    [
      "UnitPattern",
      [
        "DecimalLiteral",
        "-8771583905340475668"
      ]
    ],
    [
      "AsPattern",
      [
        "WholeNumberLiteral",
        8235736781057890430
      ],
      [
        "HeadTailPattern",
        [
          "CharLiteral",
          "q"
        ],
        [
          "WildcardPattern",
          [
            "StringLiteral",
            "omega"
          ]
        ],
        [
          "TuplePattern",
          [
            "FloatLiteral",
            0.6082913791418255
          ],
          [
            [
              "LiteralPattern",
              [
                "BoolLiteral",
                true
              ],
              [
                "CharLiteral",
                "w"
              ]
            ],
            [
              "AsPattern",
              [
                "DecimalLiteral",
                "-3075645228655279165"
              ],
              [
                "WildcardPattern",
                [
                  "CharLiteral",
                  "6"
                ]
              ],
              [
                "rho",
                "gamma",
                "work",
                "phi"
              ]
            ]
          ]
        ]
      ],
      [
        "omicron",
        "November",
        "pi",
        "id"
      ]
    ],
    [
      "HeadTailPattern",
      [
        "WholeNumberLiteral",
        -7376517528920331453
      ],
      [
        "HeadTailPattern",
        [
          "FloatLiteral",
          0.13420847040559947
        ],
        [
          "HeadTailPattern",
          [
            "FloatLiteral",
            0.6983623209858252
          ],
          [
            "UnitPattern",
            [
              "FloatLiteral",
              0.3409924114434335
            ]
          ],
          [
            "HeadTailPattern",
            [
              "CharLiteral",
              "o"
            ],
            [
              "LiteralPattern",
              [
                "WholeNumberLiteral",
                2151711211062355416
              ],
              [
                "BoolLiteral",
                false
              ]
            ],
            [
              "WildcardPattern",
              [
                "BoolLiteral",
                true
              ]
            ]
          ]
        ],
        [
          "ConstructorPattern",
          [
            "BoolLiteral",
            true
          ],
          [
            [
              [
                "March",
                "right",
                "from",
                "market",
                "eta"
              ],
              [
                "lot",
                "rate"
              ],
              [
                "xi",
                "market"
              ],
              [
                "left",
                "work",
                "October",
                "August",
                "work"
              ]
            ],
            [
              [
                "April",
                "upsilon",
                "government",
                "December",
                "November"
              ],
              [
                "December",
                "id",
                "October",
                "April",
                "January"
              ],
              [
                "home",
                "xi",
                "November",
                "minute",
                "June"
              ]
            ],
            [
              "nu",
              "phi",
              "October",
              "August"
            ]
          ],
          [
            [
              "HeadTailPattern",
              [
                "CharLiteral",
                "9"
              ],
              [
                "AsPattern",
                [
                  "WholeNumberLiteral",
                  3820377407421829547
                ],
                [
                  "TuplePattern",
                  [
                    "BoolLiteral",
                    false
                  ],
                  [
                    [
                      "LiteralPattern",
                      [
                        "BoolLiteral",
                        false
                      ],
                      [
                        "StringLiteral",
                        "April"
                      ]
                    ]
                  ]
                ],
                [
                  "alpha",
                  "November",
                  "December",
                  "November",
                  "delta"
                ]
              ],
              [
                "HeadTailPattern",
                [
                  "CharLiteral",
                  "6"
                ],
                [
                  "TuplePattern",
                  [
                    "FloatLiteral",
                    0.6263185598272519
                  ],
                  [
                    [
                      "WildcardPattern",
                      [
                        "CharLiteral",
                        "?"
                      ]
                    ],
                    [
                      "EmptyListPattern",
                      [
                        "CharLiteral",
                        "z"
                      ]
                    ]
                  ]
                ],
                [
                  "UnitPattern",
                  [
                    "BoolLiteral",
                    false
                  ]
                ]
              ]
            ]
          ]
        ]
      ],
      [
        "AsPattern",
        [
          "DecimalLiteral",
          "-5863733258778367483"
        ],
        [
          "LiteralPattern",
          [
            "FloatLiteral",
            0.3666572208874358
          ],
          [
            "WholeNumberLiteral",
            -2366667136672619074
          ]
        ],
        [
          "psi"
        ]
      ]
    ],
    [
      "ConstructorPattern",
      [
        "StringLiteral",
        "November"
      ],
      [
        [
          [
            "fact",
            "entity",
            "June",
            "sigma",
            "March"
          ],
          [
            "November",
            "phi",
            "number"
          ],
          [
            "alpha",
            "June",
            "parent"
          ],
          [
            "fact"
          ]
        ],
        [
          [
            "February",
            "beta"
          ],
          [
            "owner"
          ],
          [
            "name"
          ],
          [
            "alpha",
            "benchmark",
            "nu",
            "eta"
          ]
        ],
        [
          "valid"
        ]
      ],
      [
        [
          "UnitPattern",
          [
            "FloatLiteral",
            0.43869715412472543
          ]
        ]
      ]
    ],
    [
      "HeadTailPattern",
      [
        "FloatLiteral",
        0.7570788763587312
      ],
      [
        "EmptyListPattern",
        [
          "BoolLiteral",
          true
        ]
      ],
      [
        "UnitPattern",
        [
          "BoolLiteral",
          false
        ]
      ]
    ],
    [
      "AsPattern",
      [
        "BoolLiteral",
        false
      ],
      [
        "TuplePattern",
        [
          "BoolLiteral",
          true
        ],
        [
          [
            "UnitPattern",
            [
              "StringLiteral",
              "June"
            ]
          ]
        ]
      ],
      [
        "family",
        "psi"
      ]
    ],
    [
      "HeadTailPattern",
      [
        "FloatLiteral",
        0.46322226168096836
      ],
      [
        "WildcardPattern",
        [
          "CharLiteral",
          "N"
        ]
      ],
      [
        "EmptyListPattern",
        [
          "CharLiteral",
          "k"
        ]
      ]
    ],
    [
      "TuplePattern",
      [
        "FloatLiteral",
        0.9457860345344182
      ],
      [
        [
          "AsPattern",
          [
            "WholeNumberLiteral",
            3436225158522558521
          ],
          [
            "ConstructorPattern",
            [
              "WholeNumberLiteral",
              1348225059150789233
            ],
            [
              [
                [
                  "gamma",
                  "February"
                ],
                [
                  "alpha"
                ],
                [
                  "tau",
                  "to",
                  "March",
                  "group",
                  "May"
                ],
                [
                  "time",
                  "number",
                  "pi",
                  "September",
                  "June"
                ]
              ],
              [
                [
                  "February",
                  "time",
                  "source"
                ],
                [
                  "December"
                ],
                [
                  "time",
                  "benchmark",
                  "problem",
                  "beta",
                  "xi"
                ]
              ],
              [
                "currency",
                "October",
                "March",
                "February",
                "tau"
              ]
            ],
            [
              [
                "HeadTailPattern",
                [
                  "FloatLiteral",
                  0.6661737141496007
                ],
                [
                  "WildcardPattern",
                  [
                    "WholeNumberLiteral",
                    -2459593470081638888
                  ]
                ],
                [
                  "EmptyListPattern",
                  [
                    "CharLiteral",
                    "R"
                  ]
                ]
              ]
            ]
          ],
          [
            "epsilon",
            "September",
            "January"
          ]
        ]
      ]
    ],
    [
      "TuplePattern",
      [
        "CharLiteral",
        "r"
      ],
      [
        [
          "TuplePattern",
          [
            "WholeNumberLiteral",
            6048888688164717682
          ],
          [
            [
              "EmptyListPattern",
              [
                "WholeNumberLiteral",
                2387880968307273099
              ]
            ]
          ]
        ]
      ]
    ],
    [
      "ConstructorPattern",
      [
        "FloatLiteral",
        0.46899064874600316
      ],
      [
        [
          [
            "book",
            "right"
          ]
        ],
        [
          [
            "December",
            "March",
            "minute"
          ]
        ],
        [
          "market",
          "lambda",
          "February",
          "week"
        ]
      ],
      [
        [
          "TuplePattern",
          [
            "BoolLiteral",
            false
          ],
          [
            [
              "WildcardPattern",
              [
                "DecimalLiteral",
                "-8287581838019655403"
              ]
            ]
          ]
        ],
        [
          "EmptyListPattern",
          [
            "DecimalLiteral",
            "-8739153864626221186"
          ]
        ]
      ]
    ],
    [
      "EmptyListPattern",
      [
        "BoolLiteral",
        true
      ]
    ],
    [
      "AsPattern",
      [
        "FloatLiteral",
        0.6103509451347525
      ],
      [
        "TuplePattern",
        [
          "CharLiteral",
          "@"
        ],
        [
          [
            "EmptyListPattern",
            [
              "FloatLiteral",
              0.9399128489649412
            ]
          ]
        ]
      ],
      [
        "company",
        "year",
        "rho",
        "part"
      ]
    ],
    [
      "WildcardPattern",
      [
        "StringLiteral",
        "May"
      ]
    ],
    [
      "UnitPattern",
      [
        "WholeNumberLiteral",
        -4817324240102912628
      ]
    ],
    [
      "LiteralPattern",
      [
        "CharLiteral",
        "9"
      ],
      [
        "CharLiteral",
        "J"
      ]
    ],
    [
      "WildcardPattern",
      [
        "WholeNumberLiteral",
        6470364540930653790
      ]
    ],
    [
      "HeadTailPattern",
      [
        "StringLiteral",
        "problem"
      ],
      [
        "UnitPattern",
        [
          "DecimalLiteral",
          "-2218019864207257835"
        ]
      ],
      [
        "WildcardPattern",
        [
          "FloatLiteral",
          0.9056847074705534
        ]
      ]
    ],
    [
      "EmptyListPattern",
      [
        "StringLiteral",
        "tau"
      ]
    ]
  ]
}