{
  "samples" : [
    [
      "CharLiteral",
      "I"
    ],
    [
      "CharLiteral",
      "V"
    ],
    [
      "CharLiteral",
      "K"
    ],
    [
      "CharLiteral",
      "P"
    ],
    [
      "CharLiteral",
      "P"
    ],
    [
      "CharLiteral",
      "S"
    ],
    [
      "CharLiteral",
      "J"
    ],
    [
      "CharLiteral",
      "M"
    ],
    [
      "CharLiteral",
      "G"
    ],
    [
      "CharLiteral",
      "W"
    ],
    [
      "CharLiteral",
      "O"
    ],
    [
      "CharLiteral",
      "K"
    ],
    [
      "CharLiteral",
      "B"
    ],
    [
      "CharLiteral",
      "G"
    ],
    [
      "CharLiteral",
      "M"
    ],
    [
      "CharLiteral",
      "Q"
    ],
    [
      "CharLiteral",
      "K"
    ],
    [
      "CharLiteral",
      "M"
    ],
    [
      "CharLiteral",
      "F"
    ],
    [
      "CharLiteral",
      "Y"
    ]
  ]
}