{
  "samples" : [
    [
      [
        [
          "beta",
          "December",
          "benchmark"
        ],
        [
          "June",
          "February",
          "state",
          "minute"
        ],
        [
          "time",
          "March",
          "world"
        ],
        [
          "April",
          "April",
          "December",
          "October"
        ]
      ],
      [
        [
          "lambda",
          "August",
          "May"
        ],
        [
          "February",
          "market",
          "September",
          "October"
        ],
        [
          "upsilon",
          "psi",
          "June",
          "company",
          "minute"
        ],
        [
          "rate"
        ],
        [
          "July",
          "source",
          "January",
          "June",
          "week"
        ]
      ],
      [
        "January",
        "October"
      ]
    ],
    [
      [
        [
          "October"
        ]
      ],
      [
        [
          "October"
        ]
      ],
      [
        "November",
        "pi",
        "id"
      ]
    ],
    [
      [
        [
          "October",
          "delta",
          "February",
          "phi",
          "May"
        ],
        [
          "number",
          "zeta",
          "chi",
          "epsilon"
        ],
        [
          "September"
        ]
      ],
      [
        [
          "right",
          "from",
          "market"
        ],
        [
          "May",
          "lot",
          "rate",
          "August"
        ],
        [
          "market",
          "iota",
          "delta",
          "March",
          "market"
        ],
        [
          "work",
          "theta"
        ]
      ],
      [
        "January",
        "xi"
      ]
    ],
    [
      [
        [
          "February",
          "alpha",
          "December"
        ]
      ],
      [
        [
          "left",
          "sigma",
          "eta",
          "epsilon",
          "theta"
        ],
        [
          "alpha",
          "July",
          "iota"
        ],
        [
          "July",
          "iota",
          "tau"
        ],
        [
          "August",
          "id",
          "company",
          "source"
        ],
        [
          "January",
          "benchmark"
        ]
      ],
      [
        "day",
        "alpha",
        "November"
      ]
    ],
    [
      [
        [
          "January",
          "October",
          "June",
          "problem",
          "beta"
        ],
        [
          "pi"
        ],
        [
          "October",
          "area",
          "January",
          "iota"
        ],
        [
          "eta",
          "psi",
          "August"
        ],
        [
          "xi",
          "fact",
          "entity",
          "June"
        ]
      ],
      [
        [
          "title",
          "phi",
          "chi"
        ],
        [
          "October",
          "October",
          "January",
          "psi",
          "upsilon"
        ],
        [
          "xi"
        ],
        [
          "February",
          "beta"
        ],
        [
          "owner"
        ]
      ],
      [
        "name"
      ]
    ],
    [
      [
        [
          "rho",
          "April"
        ],
        [
          "government",
          "area",
          "country",
          "benchmark",
          "June"
        ],
        [
          "April",
          "tau",
          "January",
          "rho",
          "family"
        ],
        [
          "June",
          "January"
        ]
      ],
      [
        [
          "July",
          "mu"
        ],
        [
          "epsilon",
          "epsilon",
          "psi",
          "gamma"
        ],
        [
          "epsilon",
          "government",
          "minute"
        ],
        [
          "February",
          "February"
        ]
      ],
      [
        "left"
      ]
    ],
    [
      [
        [
          "pi",
          "country",
          "omega",
          "upsilon",
          "time"
        ]
      ],
      [
        [
          "money",
          "id",
          "August",
          "id",
          "February"
        ],
        [
          "May"
        ],
        [
          "job",
          "market",
          "time",
          "benchmark"
        ]
      ],
      [
        "June"
      ]
    ],
    [
      [
        [
          "xi",
          "money",
          "family"
        ],
        [
          "March",
          "February",
          "tau",
          "kappa",
          "epsilon"
        ]
      ],
      [
        [
          "April",
          "tau",
          "eta"
        ],
        [
          "group",
          "sigma"
        ],
        [
          "September",
          "pi"
        ],
        [
          "February",
          "October"
        ],
        [
          "mu",
          "zeta"
        ]
      ],
      [
        "work",
        "December"
      ]
    ],
    [
      [
        [
          "entity",
          "month",
          "April",
          "November",
          "February"
        ],
        [
          "chi",
          "id"
        ]
      ],
      [
        [
          "business",
          "October",
          "March"
        ],
        [
          "owner",
          "lambda",
          "September",
          "delta",
          "psi"
        ],
        [
          "company",
          "year",
          "rho",
          "part"
        ]
      ],
      [
        "week",
        "October",
        "June"
      ]
    ],
    [
      [
        [
          "gamma",
          "May",
          "right",
          "November",
          "September"
        ],
        [
          "chi"
        ],
        [
          "time",
          "description",
          "May",
          "zeta"
        ],
        [
          "state",
          "September",
          "sigma",
          "xi"
        ],
        [
          "lambda",
          "February"
        ]
      ],
      [
        [
          "work"
        ],
        [
          "May",
          "lambda"
        ],
        [
          "phi",
          "rate",
          "phi"
        ]
      ],
      [
        "December"
      ]
    ],
    [
      [
        [
          "minute",
          "December",
          "mu",
          "June"
        ],
        [
          "to"
        ],
        [
          "government",
          "sigma"
        ],
        [
          "omega",
          "November",
          "September",
          "valid"
        ],
        [
          "lambda",
          "beta",
          "September"
        ]
      ],
      [
        [
          "rate"
        ],
        [
          "May",
          "March",
          "zeta",
          "title"
        ],
        [
          "delta",
          "kappa",
          "omicron"
        ],
        [
          "April"
        ],
        [
          "xi",
          "July"
        ]
      ],
      [
        "kappa",
        "zeta",
        "state",
        "zeta"
      ]
    ],
    [
      [
        [
          "August",
          "July",
          "epsilon",
          "June"
        ],
        [
          "September",
          "name",
          "kappa",
          "parent"
        ],
        [
          "zeta",
          "June",
          "February",
          "April"
        ]
      ],
      [
        [
          "omicron",
          "gamma"
        ]
      ],
      [
        "upsilon",
        "August",
        "left"
      ]
    ],
    [
      [
        [
          "January",
          "March",
          "March",
          "delta",
          "gamma"
        ],
        [
          "book"
        ],
        [
          "company",
          "money",
          "fact",
          "February",
          "tau"
        ],
        [
          "October"
        ],
        [
          "left",
          "time"
        ]
      ],
      [
        [
          "minute",
          "mu"
        ]
      ],
      [
        "problem",
        "benchmark",
        "August",
        "home",
        "tau"
      ]
    ],
    [
      [
        [
          "psi"
        ],
        [
          "money"
        ],
        [
          "money",
          "epsilon",
          "mu",
          "January"
        ],
        [
          "May",
          "work",
          "number"
        ],
        [
          "kappa"
        ]
      ],
      [
        [
          "group",
          "theta",
          "job",
          "August"
        ]
      ],
      [
        "iota",
        "rate"
      ]
    ],
    [
      [
        [
          "iota"
        ],
        [
          "government",
          "delta",
          "June",
          "July",
          "theta"
        ],
        [
          "May",
          "delta",
          "world",
          "October"
        ],
        [
          "source",
          "iota",
          "October"
        ],
        [
          "job",
          "June",
          "May",
          "July",
          "September"
        ]
      ],
      [
        [
          "February"
        ],
        [
          "April"
        ],
        [
          "currency",
          "eta",
          "August",
          "October"
        ],
        [
          "sigma",
          "benchmark",
          "psi",
          "August",
          "January"
        ]
      ],
      [
        "May",
        "xi"
      ]
    ],
    [
      [
        [
          "omega"
        ],
        [
          "April",
          "December",
          "theta"
        ],
        [
          "June",
          "lambda",
          "May",
          "lambda",
          "nu"
        ],
        [
          "pi",
          "money",
          "source"
        ]
      ],
      [
        [
          "right",
          "December"
        ]
      ],
      [
        "February",
        "alpha",
        "eta"
      ]
    ],
    [
      [
        [
          "sigma",
          "xi",
          "currency"
        ],
        [
          "February",
          "alpha",
          "November",
          "November"
        ],
        [
          "zeta"
        ]
      ],
      [
        [
          "xi",
          "January",
          "omicron"
        ],
        [
          "number",
          "July",
          "December"
        ]
      ],
      [
        "October"
      ]
    ],
    [
      [
        [
          "mu",
          "December",
          "omega",
          "October",
          "lambda"
        ],
        [
          "September"
        ]
      ],
      [
        [
          "iota",
          "kappa"
        ],
        [
          "phi",
          "valid",
          "July",
          "currency",
          "lambda"
        ],
        [
          "October"
        ],
        [
          "August",
          "January"
        ]
      ],
      [
        "chi"
      ]
    ],
    [
      [
        [
          "epsilon",
          "rho"
        ]
      ],
      [
        [
          "August",
          "problem",
          "March",
          "July",
          "home"
        ],
        [
          "gamma"
        ],
        [
          "problem",
          "lot",
          "delta",
          "name",
          "February"
        ],
        [
          "description"
        ]
      ],
      [
        "time",
        "October",
        "February"
      ]
    ],
    [
      [
        [
          "market",
          "phi",
          "January"
        ],
        [
          "April",
          "September",
          "omega"
        ],
        [
          "March",
          "mu",
          "September",
          "problem"
        ]
      ],
      [
        [
          "description",
          "September",
          "May",
          "upsilon"
        ],
        [
          "number"
        ]
      ],
      [
        "source",
        "zeta"
      ]
    ]
  ]
}