{
  "samples" : [
    [
      [
        [
          "beta",
          "december",
          "benchmark"
        ],
        [
          [
            [
              "september",
              "fact"
            ],
            [
              "ExtensibleRecord",
              [
                "StringLiteral",
                "kappa"
              ],
              [
                "valid",
                "mu",
                "work"
              ],
              [
                {
                  "name" : [
                    "psi",
                    "march"
                  ],
                  "tpe" : [
                    "Variable",
                    [
                      "WholeNumberLiteral",
                      -3647881857580288726
                    ],
                    [
                      "fact",
                      "zeta",
                      "eta",
                      "zeta",
                      "september"
                    ]
                  ]
                }
              ]
            ]
          ],
          [
            [
              "week",
              "november",
              "nu",
              "july",
              "book"
            ],
            [
              "Unit",
              [
                "WholeNumberLiteral",
                9041071467532443714
              ]
            ]
          ]
        ]
      ],
      [
        [
          "minute"
        ],
        [
          [
            [
              "september",
              "july",
              "source",
              "january",
              "june"
            ],
            [
              "Tuple",
              [
                "CharLiteral",
                "6"
              ],
              [
                [
                  "Unit",
                  [
                    "BoolLiteral",
                    false
                  ]
                ],
                [
                  "Unit",
                  [
                    "CharLiteral",
                    "l"
                  ]
                ]
              ]
            ]
          ],
          [
            [
              "october"
            ],
            [
              "Unit",
              [
                "FloatLiteral",
                0.06853530981264189
              ]
            ]
          ]
        ]
      ]
    ],
    [],
    [
      [
        [
          "benchmark"
        ],
        [
          [
            [
              "id",
              "area"
            ],
            [
              "ExtensibleRecord",
              [
                "FloatLiteral",
                0.13420847040559947
              ],
              [
                "rho",
                "june",
                "left",
                "number"
              ],
              [
                {
                  "name" : [
                    "benchmark"
                  ],
                  "tpe" : [
                    "Tuple",
                    [
                      "CharLiteral",
                      "f"
                    ],
                    [
                      [
                        "Variable",
                        [
                          "StringLiteral",
                          "March"
                        ],
                        [
                          "april",
                          "system"
                        ]
                      ],
                      [
                        "Variable",
                        [
                          "DecimalLiteral",
                          "-6707707744779036389"
                        ],
                        [
                          "lambda",
                          "zeta",
                          "xi",
                          "market"
                        ]
                      ]
                    ]
                  ]
                }
              ]
            ]
          ],
          [
            [
              "left",
              "work",
              "october",
              "august",
              "work"
            ],
            [
              "Unit",
              [
                "BoolLiteral",
                false
              ]
            ]
          ]
        ]
      ],
      [
        [
          "january",
          "xi"
        ],
        [
          [
            [
              "february",
              "alpha",
              "december"
            ],
            [
              "Tuple",
              [
                "BoolLiteral",
                false
              ],
              [
                [
                  "Unit",
                  [
                    "DecimalLiteral",
                    "-6370396365804724211"
                  ]
                ],
                [
                  "Unit",
                  [
                    "BoolLiteral",
                    false
                  ]
                ]
              ]
            ]
          ],
          [
            [
              "july"
            ],
            [
              "Unit",
              [
                "DecimalLiteral",
                "-5763511803693341824"
              ]
            ]
          ]
        ]
      ]
    ],
    [
      [
        [
          "iota",
          "nu"
        ],
        [
          [
            [
              "tau",
              "april"
            ],
            [
              "ExtensibleRecord",
              [
                "FloatLiteral",
                0.062074633721140526
              ],
              [
                "march",
                "week",
                "august",
                "march"
              ],
              [
                {
                  "name" : [
                    "eta",
                    "epsilon"
                  ],
                  "tpe" : [
                    "Tuple",
                    [
                      "BoolLiteral",
                      true
                    ],
                    [
                      [
                        "Variable",
                        [
                          "WholeNumberLiteral",
                          -3435933686792469288
                        ],
                        [
                          "left",
                          "july",
                          "december"
                        ]
                      ]
                    ]
                  ]
                }
              ]
            ]
          ]
        ]
      ]
    ],
    [
      [
        [
          "minute"
        ],
        [
          [
            [
              "area",
              "january",
              "iota",
              "november"
            ],
            [
              "Variable",
              [
                "CharLiteral",
                ";"
              ],
              [
                "august",
                "november",
                "october"
              ]
            ]
          ],
          [
            [
              "entity",
              "june",
              "sigma",
              "march"
            ],
            [
              "Unit",
              [
                "DecimalLiteral",
                "-853181312914613287"
              ]
            ]
          ]
        ]
      ]
    ],
    [
      [
        [
          "nu",
          "alpha"
        ],
        [
          [
            [
              "mu",
              "government"
            ],
            [
              "Unit",
              [
                "StringLiteral",
                "March"
              ]
            ]
          ],
          [
            [
              "company"
            ],
            [
              "Variable",
              [
                "BoolLiteral",
                false
              ],
              [
                "zeta",
                "june",
                "alpha",
                "benchmark"
              ]
            ]
          ]
        ]
      ],
      [
        [
          "march",
          "november",
          "valid",
          "upsilon"
        ],
        [
          [
            [
              "june",
              "april",
              "tau",
              "january"
            ],
            [
              "Unit",
              [
                "DecimalLiteral",
                "-8861957863734036517"
              ]
            ]
          ]
        ]
      ]
    ],
    [],
    [
      [
        [
          "title",
          "september",
          "july",
          "mu",
          "may"
        ],
        [
          [
            [
              "september",
              "iota",
              "july"
            ],
            [
              "Unit",
              [
                "CharLiteral",
                "\\"
              ]
            ]
          ]
        ]
      ],
      [
        [
          "august",
          "gamma",
          "february",
          "february",
          "july"
        ],
        [
          [
            [
              "to"
            ],
            [
              "Variable",
              [
                "BoolLiteral",
                false
              ],
              [
                "omega"
              ]
            ]
          ],
          [
            [
              "entity",
              "august",
              "chi",
              "psi",
              "omega"
            ],
            [
              "Record",
              [
                "CharLiteral",
                "d"
              ],
              [
                {
                  "name" : [
                    "september",
                    "august",
                    "job",
                    "market",
                    "time"
                  ],
                  "tpe" : [
                    "Function",
                    [
                      "DecimalLiteral",
                      "-8929013231356220242"
                    ],
                    [
                      "Reference",
                      [
                        "StringLiteral",
                        "group"
                      ],
                      [
                        [
                          [
                            "currency",
                            "october",
                            "march",
                            "february",
                            "tau"
                          ],
                          [
                            "zeta"
                          ],
                          [
                            "mu",
                            "april",
                            "tau",
                            "eta"
                          ],
                          [
                            "group",
                            "sigma"
                          ]
                        ],
                        [
                          [
                            "chi",
                            "epsilon",
                            "february",
                            "october",
                            "may"
                          ],
                          [
                            "zeta",
                            "minute"
                          ]
                        ],
                        [
                          "december",
                          "march",
                          "minute"
                        ]
                      ],
                      [
                        [
                          "Record",
                          [
                            "CharLiteral",
                            "R"
                          ],
                          [
                            {
                              "name" : [
                                "february"
                              ],
                              "tpe" : [
                                "Function",
                                [
                                  "CharLiteral",
                                  "n"
                                ],
                                [
                                  "Unit",
                                  [
                                    "BoolLiteral",
                                    false
                                  ]
                                ],
                                [
                                  "Unit",
                                  [
                                    "CharLiteral",
                                    "A"
                                  ]
                                ]
                              ]
                            }
                          ]
                        ],
                        [
                          "ExtensibleRecord",
                          [
                            "BoolLiteral",
                            false
                          ],
                          [
                            "kappa",
                            "minute",
                            "system"
                          ],
                          [
                            {
                              "name" : [
                                "september",
                                "delta",
                                "psi",
                                "lambda"
                              ],
                              "tpe" : [
                                "ExtensibleRecord",
                                [
                                  "DecimalLiteral",
                                  "-7584927473002833783"
                                ],
                                [
                                  "december",
                                  "psi",
                                  "may",
                                  "july",
                                  "name"
                                ],
                                [
                                  {
                                    "name" : [
                                      "november",
                                      "right",
                                      "rate",
                                      "upsilon"
                                    ],
                                    "tpe" : [
                                      "Unit",
                                      [
                                        "FloatLiteral",
                                        0.9372729652824233
                                      ]
                                    ]
                                  }
                                ]
                              ]
                            }
                          ]
                        ]
                      ]
                    ],
                    [
                      "Unit",
                      [
                        "CharLiteral",
                        "8"
                      ]
                    ]
                  ]
                }
              ]
            ]
          ]
        ]
      ]
    ],
    [],
    [
      [
        [
          "description"
        ],
        [
          [
            [
              "february",
              "october"
            ],
            [
              "ExtensibleRecord",
              [
                "WholeNumberLiteral",
                -5351282803927789052
              ],
              [
                "world",
                "book",
                "lambda",
                "february",
                "nu"
              ],
              [
                {
                  "name" : [
                    "january",
                    "valid",
                    "october",
                    "book",
                    "rho"
                  ],
                  "tpe" : [
                    "Variable",
                    [
                      "DecimalLiteral",
                      "-1600665926892323687"
                    ],
                    [
                      "beta",
                      "june"
                    ]
                  ]
                },
                {
                  "name" : [
                    "tau",
                    "july"
                  ],
                  "tpe" : [
                    "Unit",
                    [
                      "FloatLiteral",
                      0.9339772232634181
                    ]
                  ]
                }
              ]
            ]
          ],
          [
            [
              "valid"
            ],
            [
              "Unit",
              [
                "WholeNumberLiteral",
                8386468075380176522
              ]
            ]
          ]
        ]
      ]
    ],
    [],
    [
      [
        [
          "october",
          "job",
          "kappa"
        ],
        [
          [
            [
              "beta",
              "september",
              "november",
              "rate",
              "may"
            ],
            [
              "Variable",
              [
                "BoolLiteral",
                true
              ],
              [
                "august",
                "epsilon"
              ]
            ]
          ]
        ]
      ],
      [
        [
          "valid",
          "system",
          "title",
          "april",
          "country"
        ],
        [
          [
            [
              "year",
              "kappa"
            ],
            [
              "Unit",
              [
                "StringLiteral",
                "upsilon"
              ]
            ]
          ]
        ]
      ]
    ],
    [
      [
        [
          "xi",
          "tau",
          "xi"
        ],
        [
          [
            [
              "eta",
              "gamma",
              "september",
              "name",
              "kappa"
            ],
            [
              "Reference",
              [
                "DecimalLiteral",
                "-5689144490204792063"
              ],
              [
                [
                  [
                    "market",
                    "eta",
                    "state",
                    "omicron"
                  ],
                  [
                    "problem",
                    "upsilon"
                  ],
                  [
                    "november",
                    "fact",
                    "minute",
                    "number",
                    "october"
                  ]
                ],
                [
                  [
                    "may",
                    "beta"
                  ],
                  [
                    "september"
                  ],
                  [
                    "theta",
                    "july",
                    "rho"
                  ],
                  [
                    "phi",
                    "september"
                  ]
                ],
                [
                  "september",
                  "august",
                  "description"
                ]
              ],
              [
                [
                  "Record",
                  [
                    "BoolLiteral",
                    true
                  ],
                  [
                    {
                      "name" : [
                        "sigma",
                        "system"
                      ],
                      "tpe" : [
                        "Record",
                        [
                          "BoolLiteral",
                          false
                        ],
                        [
                          {
                            "name" : [
                              "psi",
                              "left",
                              "psi",
                              "fact",
                              "august"
                            ],
                            "tpe" : [
                              "Variable",
                              [
                                "BoolLiteral",
                                true
                              ],
                              [
                                "september"
                              ]
                            ]
                          }
                        ]
                      ]
                    }
                  ]
                ],
                [
                  "Unit",
                  [
                    "DecimalLiteral",
                    "-8858936286351103976"
                  ]
                ]
              ]
            ]
          ],
          [
            [
              "xi",
              "delta",
              "kappa"
            ],
            [
              "Unit",
              [
                "DecimalLiteral",
                "-5543217548806803607"
              ]
            ]
          ]
        ]
      ],
      [
        [
          "august"
        ],
        [
          [
            [
              "december",
              "april"
            ],
            [
              "Reference",
              [
                "DecimalLiteral",
                "-3597022886280692471"
              ],
              [
                [
                  [
                    "eta",
                    "rho",
                    "upsilon",
                    "december"
                  ],
                  [
                    "february",
                    "omega"
                  ],
                  [
                    "world",
                    "october",
                    "june",
                    "chi"
                  ],
                  [
                    "october",
                    "government"
                  ]
                ],
                [
                  [
                    "eta",
                    "day",
                    "id"
                  ],
                  [
                    "description",
                    "february",
                    "system",
                    "theta",
                    "zeta"
                  ],
                  [
                    "psi",
                    "work",
                    "march"
                  ]
                ],
                [
                  "name"
                ]
              ],
              [
                [
                  "Unit",
                  [
                    "BoolLiteral",
                    false
                  ]
                ],
                [
                  "Variable",
                  [
                    "WholeNumberLiteral",
                    -4944279669463953230
                  ],
                  [
                    "psi",
                    "area",
                    "parent"
                  ]
                ]
              ]
            ]
          ],
          [
            [
              "omega"
            ],
            [
              "Function",
              [
                "BoolLiteral",
                false
              ],
              [
                "Variable",
                [
                  "WholeNumberLiteral",
                  6061833247650217967
                ],
                [
                  "chi"
                ]
              ],
              [
                "Reference",
                [
                  "CharLiteral",
                  "q"
                ],
                [
                  [
                    [
                      "lambda",
                      "family",
                      "december"
                    ],
                    [
                      "february",
                      "april",
                      "june",
                      "description",
                      "november"
                    ]
                  ],
                  [
                    [
                      "february",
                      "alpha",
                      "eta"
                    ],
                    [
                      "gamma",
                      "november",
                      "sigma"
                    ],
                    [
                      "lambda",
                      "book",
                      "november",
                      "march"
                    ],
                    [
                      "january",
                      "december"
                    ]
                  ],
                  [
                    "september"
                  ]
                ],
                [
                  [
                    "Variable",
                    [
                      "FloatLiteral",
                      0.6016027288516124
                    ],
                    [
                      "number",
                      "july",
                      "december"
                    ]
                  ]
                ]
              ]
            ]
          ]
        ]
      ]
    ],
    [
      [
        [
          "area",
          "october",
          "state"
        ],
        [
          [
            [
              "february",
              "omega",
              "august",
              "september",
              "id"
            ],
            [
              "Function",
              [
                "FloatLiteral",
                0.412695084733127
              ],
              [
                "Unit",
                [
                  "CharLiteral",
                  "E"
                ]
              ],
              [
                "Unit",
                [
                  "StringLiteral",
                  "January"
                ]
              ]
            ]
          ]
        ]
      ]
    ],
    [
      [
        [
          "currency",
          "lambda",
          "theta",
          "epsilon",
          "sigma"
        ],
        [
          [
            [
              "sigma",
              "rate",
              "epsilon"
            ],
            [
              "Unit",
              [
                "WholeNumberLiteral",
                -4719090811093253196
              ]
            ]
          ]
        ]
      ]
    ],
    [
      [
        [
          "theta"
        ],
        [
          [
            [
              "march",
              "july",
              "home",
              "work"
            ],
            [
              "Unit",
              [
                "StringLiteral",
                "problem"
              ]
            ]
          ],
          [
            [
              "february",
              "rho",
              "alpha",
              "beta",
              "description"
            ],
            [
              "Unit",
              [
                "StringLiteral",
                "zeta"
              ]
            ]
          ]
        ]
      ]
    ],
    [
      [
        [
          "february",
          "left"
        ],
        [
          [
            [
              "phi",
              "january",
              "book",
              "tau",
              "time"
            ],
            [
              "Reference",
              [
                "WholeNumberLiteral",
                3472151933476510110
              ],
              [
                [
                  [
                    "week",
                    "lambda"
                  ],
                  [
                    "pi",
                    "government"
                  ],
                  [
                    "omega",
                    "july"
                  ],
                  [
                    "february",
                    "beta",
                    "eta",
                    "home",
                    "id"
                  ],
                  [
                    "omicron",
                    "sigma",
                    "to",
                    "job"
                  ]
                ],
                [
                  [
                    "description",
                    "system",
                    "iota",
                    "epsilon",
                    "january"
                  ],
                  [
                    "lambda"
                  ],
                  [
                    "government"
                  ],
                  [
                    "valid"
                  ]
                ],
                [
                  "september",
                  "fact"
                ]
              ],
              [
                [
                  "Unit",
                  [
                    "BoolLiteral",
                    true
                  ]
                ]
              ]
            ]
          ]
        ]
      ]
    ],
    [
      [
        [
          "august",
          "currency",
          "pi",
          "problem",
          "august"
        ],
        [
          [
            [
              "chi",
              "iota",
              "area"
            ],
            [
              "Unit",
              [
                "DecimalLiteral",
                "-8003023385806132554"
              ]
            ]
          ]
        ]
      ],
      [
        [
          "market",
          "nu",
          "eta",
          "july"
        ],
        [
          [
            [
              "iota"
            ],
            [
              "Unit",
              [
                "DecimalLiteral",
                "-8441501803921241637"
              ]
            ]
          ],
          [
            [
              "fact",
              "phi",
              "rho",
              "may",
              "source"
            ],
            [
              "Variable",
              [
                "DecimalLiteral",
                "-7240667164925156629"
              ],
              [
                "november",
                "beta"
              ]
            ]
          ]
        ]
      ]
    ],
    [
      [
        [
          "source",
          "june",
          "alpha"
        ],
        [
          [
            [
              "november",
              "gamma",
              "october"
            ],
            [
              "Record",
              [
                "StringLiteral",
                "parent"
              ],
              [
                {
                  "name" : [
                    "number",
                    "lot"
                  ],
                  "tpe" : [
                    "Unit",
                    [
                      "DecimalLiteral",
                      "-3685331341227902266"
                    ]
                  ]
                }
              ]
            ]
          ],
          [
            [
              "alpha",
              "may",
              "omega",
              "entity"
            ],
            [
              "Variable",
              [
                "BoolLiteral",
                true
              ],
              [
                "part",
                "november"
              ]
            ]
          ]
        ]
      ]
    ],
    [
      [
        [
          "part",
          "job",
          "year",
          "omicron"
        ],
        [
          [
            [
              "july"
            ],
            [
              "Tuple",
              [
                "BoolLiteral",
                false
              ],
              [
                [
                  "Unit",
                  [
                    "DecimalLiteral",
                    "-7809017001238987534"
                  ]
                ]
              ]
            ]
          ]
        ]
      ],
      [
        [
          "area",
          "xi",
          "upsilon",
          "october"
        ],
        [
          [
            [
              "company",
              "fact",
              "problem",
              "january"
            ],
            [
              "Unit",
              [
                "StringLiteral",
                "August"
              ]
            ]
          ]
        ]
      ]
    ]
  ]
}