{
  "samples" : [
    [
      [
        [
          "beta",
          "December",
          "benchmark"
        ],
        [
          "June",
          "February",
          "state",
          "minute"
        ],
        [
          "time",
          "March",
          "world"
        ],
        [
          "April",
          "April",
          "December",
          "October"
        ]
      ],
      [
        "fact",
        "zeta",
        "eta",
        "zeta",
        "September"
      ]
    ],
    [
      [
        [
          "September",
          "October",
          "psi"
        ],
        [
          "psi",
          "June",
          "company",
          "minute",
          "nu"
        ],
        [
          "left",
          "November"
        ],
        [
          "January"
        ],
        [
          "psi",
          "January"
        ]
      ],
      [
        "rho",
        "gamma",
        "work",
        "phi"
      ]
    ],
    [
      [
        [
          "lot",
          "benchmark",
          "market"
        ],
        [
          "mu",
          "October",
          "delta",
          "February",
          "phi"
        ],
        [
          "left",
          "number"
        ],
        [
          "May",
          "chi",
          "kappa",
          "September"
        ]
      ],
      [
        "phi",
        "group",
        "minute",
        "February"
      ]
    ],
    [
      [
        [
          "lot",
          "rate"
        ],
        [
          "xi",
          "market"
        ],
        [
          "left",
          "work",
          "October",
          "August",
          "work"
        ],
        [
          "home",
          "January",
          "xi"
        ]
      ],
      [
        "December"
      ]
    ],
    [
      [
        [
          "state",
          "theta",
          "job",
          "pi",
          "mu"
        ],
        [
          "epsilon"
        ],
        [
          "July"
        ],
        [
          "November",
          "minute",
          "June"
        ],
        [
          "nu",
          "phi",
          "October",
          "August"
        ]
      ],
      [
        "beta"
      ]
    ],
    [
      [
        [
          "source"
        ],
        [
          "January",
          "benchmark"
        ],
        [
          "day",
          "alpha",
          "November"
        ],
        [
          "time",
          "October",
          "beta",
          "zeta",
          "pi"
        ]
      ],
      [
        "October",
        "minute",
        "beta",
        "country",
        "minute"
      ]
    ],
    [
      [
        [
          "November",
          "November",
          "delta",
          "November",
          "lambda"
        ],
        [
          "entity",
          "February",
          "system",
          "title",
          "phi"
        ],
        [
          "country",
          "October",
          "October",
          "January",
          "psi"
        ],
        [
          "government",
          "xi"
        ],
        [
          "February",
          "beta"
        ]
      ],
      [
        "owner"
      ]
    ],
    [
      [
        [
          "June",
          "alpha",
          "benchmark",
          "nu",
          "eta"
        ]
      ],
      [
        "valid"
      ]
    ],
    [
      [
        [
          "lambda",
          "June",
          "April"
        ],
        [
          "from",
          "kappa",
          "October",
          "title"
        ],
        [
          "October",
          "family",
          "psi",
          "part"
        ],
        [
          "May",
          "delta",
          "October",
          "mu"
        ],
        [
          "May",
          "January",
          "work"
        ]
      ],
      [
        "theta",
        "March",
        "fact",
        "tau"
      ]
    ],
    [
      [
        [
          "money",
          "August",
          "home"
        ],
        [
          "kappa",
          "June",
          "money"
        ],
        [
          "September",
          "June"
        ],
        [
          "gamma",
          "September",
          "August"
        ],
        [
          "beta"
        ]
      ],
      [
        "March",
        "delta",
        "October",
        "time",
        "group"
      ]
    ],
    [
      [
        [
          "currency",
          "October",
          "March",
          "February",
          "tau"
        ],
        [
          "zeta"
        ],
        [
          "mu",
          "April",
          "tau",
          "eta"
        ],
        [
          "group",
          "sigma"
        ]
      ],
      [
        "September",
        "pi"
      ]
    ],
    [
      [
        [
          "time",
          "mu",
          "mu"
        ],
        [
          "right",
          "work"
        ]
      ],
      [
        "lot",
        "gamma",
        "xi",
        "market"
      ]
    ],
    [
      [
        [
          "December",
          "xi",
          "chi"
        ],
        [
          "day",
          "March"
        ],
        [
          "October",
          "March",
          "home",
          "January"
        ],
        [
          "September",
          "delta",
          "psi",
          "lambda"
        ],
        [
          "year"
        ]
      ],
      [
        "lambda",
        "minute",
        "week",
        "October",
        "June"
      ]
    ],
    [
      [
        [
          "gamma",
          "May",
          "right",
          "November",
          "September"
        ],
        [
          "chi"
        ],
        [
          "time",
          "description",
          "May",
          "zeta"
        ],
        [
          "state",
          "September",
          "sigma",
          "xi"
        ],
        [
          "lambda",
          "February"
        ]
      ],
      [
        "theta",
        "source",
        "xi"
      ]
    ],
    [
      [
        [
          "month"
        ],
        [
          "rate",
          "phi",
          "delta",
          "upsilon"
        ]
      ],
      [
        "beta",
        "June"
      ]
    ],
    [
      [
        [
          "June",
          "country"
        ],
        [
          "lot",
          "valid",
          "sigma",
          "May"
        ]
      ],
      [
        "October",
        "job",
        "kappa"
      ]
    ],
    [
      [
        [
          "beta",
          "September",
          "November",
          "rate",
          "May"
        ],
        [
          "parent"
        ]
      ],
      [
        "June",
        "November",
        "valid",
        "system",
        "title"
      ]
    ],
    [
      [
        [
          "epsilon",
          "kappa",
          "year",
          "kappa"
        ],
        [
          "name",
          "May",
          "xi",
          "tau",
          "xi"
        ],
        [
          "epsilon",
          "June"
        ]
      ],
      [
        "September",
        "name",
        "kappa",
        "parent"
      ]
    ],
    [
      [
        [
          "alpha",
          "market"
        ],
        [
          "eta",
          "state",
          "omicron",
          "gamma"
        ],
        [
          "upsilon",
          "August",
          "left"
        ],
        [
          "minute",
          "number",
          "October",
          "id",
          "August"
        ]
      ],
      [
        "parent",
        "February"
      ]
    ],
    [
      [
        [
          "money",
          "fact"
        ],
        [
          "minute",
          "January",
          "October"
        ],
        [
          "left",
          "time"
        ],
        [
          "money"
        ]
      ],
      [
        "mu"
      ]
    ]
  ]
}