{
  "samples" : [
    [
      "DecimalLiteral",
      "-5543339495836994405"
    ],
    [
      "StringLiteral",
      "mu"
    ],
    [
      "FloatLiteral",
      0.012017429455819406
    ],
    [
      "DecimalLiteral",
      "-4787308055216964339"
    ],
    [
      "DecimalLiteral",
      "-1710145478941878882"
    ],
    [
      "BoolLiteral",
      false
    ],
    [
      "StringLiteral",
      "entity"
    ],
    [
      "FloatLiteral",
      0.3815821731980342
    ],
    [
      "BoolLiteral",
      true
    ],
    [
      "BoolLiteral",
      false
    ],
    [
      "CharLiteral",
      "M"
    ],
    [
      "BoolLiteral",
      true
    ],
    [
      "CharLiteral",
      "["
    ],
    [
      "WholeNumberLiteral",
      4873802281714851347
    ],
    [
      "WholeNumberLiteral",
      4902694170310147298
    ],
    [
      "WholeNumberLiteral",
      -82508708965078378
    ],
    [
      "WholeNumberLiteral",
      -3647881857580288726
    ],
    [
      "BoolLiteral",
      true
    ],
    [
      "CharLiteral",
      "g"
    ],
    [
      "CharLiteral",
      "\\"
    ]
  ]
}