{
  "samples" : [
    [
      [
        [
          "beta",
          "december",
          "benchmark"
        ],
        [
          "june",
          "february",
          "state",
          "minute"
        ],
        [
          "time",
          "march",
          "world"
        ],
        [
          "april",
          "april",
          "december",
          "october"
        ]
      ],
      [
        [
          "lambda",
          "august",
          "may"
        ],
        [
          "february",
          "market",
          "september",
          "october"
        ],
        [
          "upsilon",
          "psi",
          "june",
          "company",
          "minute"
        ],
        [
          "rate"
        ],
        [
          "july",
          "source",
          "january",
          "june",
          "week"
        ]
      ],
      [
        "january",
        "october"
      ]
    ],
    [
      [
        [
          "october"
        ]
      ],
      [
        [
          "october"
        ]
      ],
      [
        "november",
        "pi",
        "id"
      ]
    ],
    [
      [
        [
          "october",
          "delta",
          "february",
          "phi",
          "may"
        ],
        [
          "number",
          "zeta",
          "chi",
          "epsilon"
        ],
        [
          "september"
        ]
      ],
      [
        [
          "right",
          "from",
          "market"
        ],
        [
          "may",
          "lot",
          "rate",
          "august"
        ],
        [
          "market",
          "iota",
          "delta",
          "march",
          "market"
        ],
        [
          "work",
          "theta"
        ]
      ],
      [
        "january",
        "xi"
      ]
    ],
    [
      [
        [
          "february",
          "alpha",
          "december"
        ]
      ],
      [
        [
          "left",
          "sigma",
          "eta",
          "epsilon",
          "theta"
        ],
        [
          "alpha",
          "july",
          "iota"
        ],
        [
          "july",
          "iota",
          "tau"
        ],
        [
          "august",
          "id",
          "company",
          "source"
        ],
        [
          "january",
          "benchmark"
        ]
      ],
      [
        "day",
        "alpha",
        "november"
      ]
    ],
    [
      [
        [
          "january",
          "october",
          "june",
          "problem",
          "beta"
        ],
        [
          "pi"
        ],
        [
          "october",
          "area",
          "january",
          "iota"
        ],
        [
          "eta",
          "psi",
          "august"
        ],
        [
          "xi",
          "fact",
          "entity",
          "june"
        ]
      ],
      [
        [
          "title",
          "phi",
          "chi"
        ],
        [
          "october",
          "october",
          "january",
          "psi",
          "upsilon"
        ],
        [
          "xi"
        ],
        [
          "february",
          "beta"
        ],
        [
          "owner"
        ]
      ],
      [
        "name"
      ]
    ],
    [
      [
        [
          "rho",
          "april"
        ],
        [
          "government",
          "area",
          "country",
          "benchmark",
          "june"
        ],
        [
          "april",
          "tau",
          "january",
          "rho",
          "family"
        ],
        [
          "june",
          "january"
        ]
      ],
      [
        [
          "july",
          "mu"
        ],
        [
          "epsilon",
          "epsilon",
          "psi",
          "gamma"
        ],
        [
          "epsilon",
          "government",
          "minute"
        ],
        [
          "february",
          "february"
        ]
      ],
      [
        "left"
      ]
    ],
    [
      [
        [
          "pi",
          "country",
          "omega",
          "upsilon",
          "time"
        ]
      ],
      [
        [
          "money",
          "id",
          "august",
          "id",
          "february"
        ],
        [
          "may"
        ],
        [
          "job",
          "market",
          "time",
          "benchmark"
        ]
      ],
      [
        "june"
      ]
    ],
    [
      [
        [
          "xi",
          "money",
          "family"
        ],
        [
          "march",
          "february",
          "tau",
          "kappa",
          "epsilon"
        ]
      ],
      [
        [
          "april",
          "tau",
          "eta"
        ],
        [
          "group",
          "sigma"
        ],
        [
          "september",
          "pi"
        ],
        [
          "february",
          "october"
        ],
        [
          "mu",
          "zeta"
        ]
      ],
      [
        "work",
        "december"
      ]
    ],
    [
      [
        [
          "entity",
          "month",
          "april",
          "november",
          "february"
        ],
        [
          "chi",
          "id"
        ]
      ],
      [
        [
          "business",
          "october",
          "march"
        ],
        [
          "owner",
          "lambda",
          "september",
          "delta",
          "psi"
        ],
        [
          "company",
          "year",
          "rho",
          "part"
        ]
      ],
      [
        "week",
        "october",
        "june"
      ]
    ],
    [
      [
        [
          "gamma",
          "may",
          "right",
          "november",
          "september"
        ],
        [
          "chi"
        ],
        [
          "time",
          "description",
          "may",
          "zeta"
        ],
        [
          "state",
          "september",
          "sigma",
          "xi"
        ],
        [
          "lambda",
          "february"
        ]
      ],
      [
        [
          "work"
        ],
        [
          "may",
          "lambda"
        ],
        [
          "phi",
          "rate",
          "phi"
        ]
      ],
      [
        "december"
      ]
    ],
    [
      [
        [
          "minute",
          "december",
          "mu",
          "june"
        ],
        [
          "to"
        ],
        [
          "government",
          "sigma"
        ],
        [
          "omega",
          "november",
          "september",
          "valid"
        ],
        [
          "lambda",
          "beta",
          "september"
        ]
      ],
      [
        [
          "rate"
        ],
        [
          "may",
          "march",
          "zeta",
          "title"
        ],
        [
          "delta",
          "kappa",
          "omicron"
        ],
        [
          "april"
        ],
        [
          "xi",
          "july"
        ]
      ],
      [
        "kappa",
        "zeta",
        "state",
        "zeta"
      ]
    ],
    [
      [
        [
          "august",
          "july",
          "epsilon",
          "june"
        ],
        [
          "september",
          "name",
          "kappa",
          "parent"
        ],
        [
          "zeta",
          "june",
          "february",
          "april"
        ]
      ],
      [
        [
          "omicron",
          "gamma"
        ]
      ],
      [
        "upsilon",
        "august",
        "left"
      ]
    ],
    [
      [
        [
          "january",
          "march",
          "march",
          "delta",
          "gamma"
        ],
        [
          "book"
        ],
        [
          "company",
          "money",
          "fact",
          "february",
          "tau"
        ],
        [
          "october"
        ],
        [
          "left",
          "time"
        ]
      ],
      [
        [
          "minute",
          "mu"
        ]
      ],
      [
        "problem",
        "benchmark",
        "august",
        "home",
        "tau"
      ]
    ],
    [
      [
        [
          "psi"
        ],
        [
          "money"
        ],
        [
          "money",
          "epsilon",
          "mu",
          "january"
        ],
        [
          "may",
          "work",
          "number"
        ],
        [
          "kappa"
        ]
      ],
      [
        [
          "group",
          "theta",
          "job",
          "august"
        ]
      ],
      [
        "iota",
        "rate"
      ]
    ],
    [
      [
        [
          "iota"
        ],
        [
          "government",
          "delta",
          "june",
          "july",
          "theta"
        ],
        [
          "may",
          "delta",
          "world",
          "october"
        ],
        [
          "source",
          "iota",
          "october"
        ],
        [
          "job",
          "june",
          "may",
          "july",
          "september"
        ]
      ],
      [
        [
          "february"
        ],
        [
          "april"
        ],
        [
          "currency",
          "eta",
          "august",
          "october"
        ],
        [
          "sigma",
          "benchmark",
          "psi",
          "august",
          "january"
        ]
      ],
      [
        "may",
        "xi"
      ]
    ],
    [
      [
        [
          "omega"
        ],
        [
          "april",
          "december",
          "theta"
        ],
        [
          "june",
          "lambda",
          "may",
          "lambda",
          "nu"
        ],
        [
          "pi",
          "money",
          "source"
        ]
      ],
      [
        [
          "right",
          "december"
        ]
      ],
      [
        "february",
        "alpha",
        "eta"
      ]
    ],
    [
      [
        [
          "sigma",
          "xi",
          "currency"
        ],
        [
          "february",
          "alpha",
          "november",
          "november"
        ],
        [
          "zeta"
        ]
      ],
      [
        [
          "xi",
          "january",
          "omicron"
        ],
        [
          "number",
          "july",
          "december"
        ]
      ],
      [
        "october"
      ]
    ],
    [
      [
        [
          "mu",
          "december",
          "omega",
          "october",
          "lambda"
        ],
        [
          "september"
        ]
      ],
      [
        [
          "iota",
          "kappa"
        ],
        [
          "phi",
          "valid",
          "july",
          "currency",
          "lambda"
        ],
        [
          "october"
        ],
        [
          "august",
          "january"
        ]
      ],
      [
        "chi"
      ]
    ],
    [
      [
        [
          "epsilon",
          "rho"
        ]
      ],
      [
        [
          "august",
          "problem",
          "march",
          "july",
          "home"
        ],
        [
          "gamma"
        ],
        [
          "problem",
          "lot",
          "delta",
          "name",
          "february"
        ],
        [
          "description"
        ]
      ],
      [
        "time",
        "october",
        "february"
      ]
    ],
    [
      [
        [
          "market",
          "phi",
          "january"
        ],
        [
          "april",
          "september",
          "omega"
        ],
        [
          "march",
          "mu",
          "september",
          "problem"
        ]
      ],
      [
        [
          "description",
          "september",
          "may",
          "upsilon"
        ],
        [
          "number"
        ]
      ],
      [
        "source",
        "zeta"
      ]
    ]
  ]
}