{
  "samples" : [
    [
      "company",
      "book",
      "market",
      "fact"
    ],
    [
      "system"
    ],
    [
      "lot",
      "owner"
    ],
    [
      "benchmark"
    ],
    [
      "market"
    ],
    [
      "day",
      "time",
      "group",
      "lot"
    ],
    [
      "work",
      "market",
      "from",
      "family"
    ],
    [
      "year",
      "family",
      "country",
      "number",
      "lot"
    ],
    [
      "number",
      "family",
      "world",
      "day",
      "problem"
    ],
    [
      "government",
      "rate",
      "valid",
      "area",
      "work"
    ],
    [
      "week",
      "book",
      "lot",
      "minute",
      "state"
    ],
    [
      "owner",
      "money",
      "problem",
      "left"
    ],
    [
      "valid"
    ],
    [
      "valid"
    ],
    [
      "benchmark"
    ],
    [
      "state",
      "area",
      "world",
      "rate",
      "source"
    ],
    [
      "area"
    ],
    [
      "benchmark"
    ],
    [
      "book"
    ],
    [
      "lot",
      "valid",
      "name",
      "market",
      "id"
    ]
  ]
}