{
  "samples" : [
    [
      [
        "beta",
        "december",
        "benchmark"
      ],
      [
        "june",
        "february",
        "state",
        "minute"
      ],
      [
        "time",
        "march",
        "world"
      ],
      [
        "april",
        "april",
        "december",
        "october"
      ]
    ],
    [
      [
        "lambda",
        "august",
        "may"
      ],
      [
        "february",
        "market",
        "september",
        "october"
      ],
      [
        "upsilon",
        "psi",
        "june",
        "company",
        "minute"
      ],
      [
        "rate"
      ],
      [
        "july",
        "source",
        "january",
        "june",
        "week"
      ]
    ],
    [
      [
        "rho",
        "gamma",
        "work",
        "phi"
      ],
      [
        "omicron",
        "november",
        "pi",
        "id"
      ]
    ],
    [
      [
        "october",
        "delta",
        "february",
        "phi",
        "may"
      ],
      [
        "number",
        "zeta",
        "chi",
        "epsilon"
      ],
      [
        "september"
      ]
    ],
    [
      [
        "right",
        "from",
        "market"
      ],
      [
        "may",
        "lot",
        "rate",
        "august"
      ],
      [
        "market",
        "iota",
        "delta",
        "march",
        "market"
      ],
      [
        "work",
        "theta"
      ]
    ],
    [
      [
        "upsilon",
        "government"
      ],
      [
        "february",
        "alpha",
        "december"
      ]
    ],
    [
      [
        "left",
        "sigma",
        "eta",
        "epsilon",
        "theta"
      ],
      [
        "alpha",
        "july",
        "iota"
      ],
      [
        "july",
        "iota",
        "tau"
      ],
      [
        "august",
        "id",
        "company",
        "source"
      ],
      [
        "january",
        "benchmark"
      ]
    ],
    [
      [
        "gamma"
      ],
      [
        "epsilon",
        "part",
        "january",
        "october",
        "june"
      ],
      [
        "july",
        "december"
      ]
    ],
    [
      [
        "minute"
      ],
      [
        "home",
        "september",
        "april"
      ],
      [
        "november",
        "november",
        "delta",
        "november",
        "lambda"
      ],
      [
        "entity",
        "february",
        "system",
        "title",
        "phi"
      ],
      [
        "country",
        "october",
        "october",
        "january",
        "psi"
      ]
    ],
    [
      [
        "rho",
        "problem",
        "february",
        "beta"
      ],
      [
        "owner"
      ]
    ],
    [
      [
        "june",
        "alpha",
        "benchmark",
        "nu",
        "eta"
      ]
    ],
    [
      [
        "country",
        "benchmark",
        "june",
        "iota"
      ]
    ],
    [
      [
        "from",
        "kappa",
        "october",
        "title"
      ],
      [
        "october",
        "family",
        "psi",
        "part"
      ],
      [
        "may",
        "delta",
        "october",
        "mu"
      ],
      [
        "may",
        "january",
        "work"
      ],
      [
        "theta",
        "march",
        "fact",
        "tau"
      ]
    ],
    [
      [
        "money",
        "august",
        "home"
      ],
      [
        "kappa",
        "june",
        "money"
      ],
      [
        "september",
        "june"
      ],
      [
        "gamma",
        "september",
        "august"
      ],
      [
        "beta"
      ]
    ],
    [
      [
        "time",
        "benchmark",
        "problem",
        "beta",
        "xi"
      ],
      [
        "currency",
        "october",
        "march",
        "february",
        "tau"
      ],
      [
        "zeta"
      ],
      [
        "mu",
        "april",
        "tau",
        "eta"
      ],
      [
        "group",
        "sigma"
      ]
    ],
    [
      [
        "chi",
        "epsilon",
        "february",
        "october",
        "may"
      ],
      [
        "zeta",
        "minute"
      ]
    ],
    [
      [
        "lot",
        "gamma",
        "xi",
        "market"
      ],
      [
        "november",
        "february",
        "october",
        "zeta",
        "omega"
      ],
      [
        "home",
        "work",
        "phi"
      ]
    ],
    [
      [
        "january",
        "name",
        "pi"
      ],
      [
        "psi",
        "lambda",
        "market"
      ],
      [
        "rho",
        "part"
      ],
      [
        "week",
        "october",
        "june"
      ],
      [
        "valid",
        "october",
        "lot",
        "problem",
        "system"
      ]
    ],
    [
      [
        "chi"
      ],
      [
        "time",
        "description",
        "may",
        "zeta"
      ]
    ],
    [
      [
        "valid",
        "kappa",
        "world",
        "book",
        "lambda"
      ],
      [
        "september"
      ],
      [
        "work"
      ],
      [
        "may",
        "lambda"
      ]
    ]
  ]
}